#-----------------------------------------------------------
# Vivado v2025.2 (64-bit)
# SW Build 6299465 on Fri Nov 14 12:34:56 MST 2025
# IP Build 6300035 on Fri Nov 14 10:48:45 MST 2025
# SharedData Build 6298862 on Thu Nov 13 04:50:51 MST 2025
# Start of session at: Mon Apr 13 15:35:06 2026
# Process ID         : 120965
# Current directory  : /home/j31415/repos/VanishingTicTacToe/build
# Command line       : vivado -mode batch -source project.tcl
# Log file           : /home/j31415/repos/VanishingTicTacToe/build/vivado.log
# Journal file       : /home/j31415/repos/VanishingTicTacToe/build/vivado.jou
# Running On         : j31415-WS1
# Platform           : Ubuntu
# Operating System   : Ubuntu 24.04.4 LTS
# Processor Detail   : Intel(R) Core(TM) i5-9400 CPU @ 2.90GHz
# CPU Frequency      : 3900.063 MHz
# CPU Physical cores : 6
# CPU Logical cores  : 6
# Host memory        : 66804 MB
# Swap memory        : 34359 MB
# Total Virtual      : 101164 MB
# Available Virtual  : 89489 MB
#-----------------------------------------------------------
source project.tcl
# set projDir "./vivado"
# set projName "beta"
# set topName top
# set device xc7a35tftg256-1
# if {[file exists "$projDir"]} { file delete -force "$projDir" }
# create_project $projName "$projDir" -part $device
# set_property design_mode RTL [get_filesets sources_1]
# set verilogSources [list "./source/alchitry_top.sv" "./source/reset_conditioner.sv" "./source/alu.sv" "./source/bit_reverse.sv" "./source/pipeline.sv" "./source/button_conditioner.sv" "./source/edge_detector.sv" "./source/regfile_memory.sv" "./source/regfile_unit.sv" "./source/simple_ram.v" "./source/simple_dual_port_ram.v" "./source/control_unit.sv" "./source/beta_cpu.sv" "./source/pc_unit.sv" "./source/counter.sv" "./source/decoder.sv" "./source/add_and_sub.sv" "./source/fa.sv" "./source/rca.sv" "./source/mul.sv" "./source/boolean.sv" "./source/mux2to1.sv" "./source/mux4to1.sv" "./source/compact_shifter.sv" "./source/compare_unit.sv" "./source/popcount.sv" "./source/reduction.v" "./source/game_datapath.sv" "./source/game_regfile.sv" "./source/game_fsm.sv" "./source/box_fsm.sv" "./source/game_control_unit.sv" "./source/tictactoe_ws2812_display.sv" "./source/lucid_globals.sv" ]
# import_files -fileset [get_filesets sources_1] -norecurse $verilogSources
# set xdcSources [list "./constraint/alchitry.xdc" "./constraint/au_props.xdc" ]
# read_xdc $xdcSources
# set_property STEPS.WRITE_BITSTREAM.ARGS.BIN_FILE true [get_runs impl_1]
# update_compile_order -fileset sources_1
# launch_runs -runs synth_1 -jobs 6
WARNING: [Vivado 12-7122] Auto Incremental Compile:: No reference checkpoint was found in run synth_1. Auto-incremental flow will not be run, the standard flow will be run instead.
[Mon Apr 13 15:35:17 2026] Launched synth_1...
Run output will be captured here: /home/j31415/repos/VanishingTicTacToe/build/vivado/beta.runs/synth_1/runme.log
# wait_on_run synth_1
[Mon Apr 13 15:35:17 2026] Waiting for synth_1 to finish...

*** Running vivado
    with args -log alchitry_top.vds -m64 -product Vivado -mode batch -messageDb vivado.pb -notrace -source alchitry_top.tcl


****** Vivado v2025.2 (64-bit)
  **** SW Build 6299465 on Fri Nov 14 12:34:56 MST 2025
  **** IP Build 6300035 on Fri Nov 14 10:48:45 MST 2025
  **** SharedData Build 6298862 on Thu Nov 13 04:50:51 MST 2025
  **** Start of session at: Mon Apr 13 15:35:20 2026
    ** Copyright 1986-2022 Xilinx, Inc. All Rights Reserved.
    ** Copyright 2022-2025 Advanced Micro Devices, Inc. All Rights Reserved.

source alchitry_top.tcl -notrace
Command: synth_design -top alchitry_top -part xc7a35tftg256-1
Starting synth_design
Attempting to get a license for feature 'Synthesis' and/or device 'xc7a35t'
INFO: [Common 17-349] Got license for feature 'Synthesis' and/or device 'xc7a35t'
INFO: [Device 21-403] Loading part xc7a35tftg256-1
INFO: [Synth 8-7079] Multithreading enabled for synth_design using a maximum of 7 processes.
INFO: [Synth 8-7078] Launching helper process for spawning children vivado processes
INFO: [Synth 8-7075] Helper process launched with PID 121213
---------------------------------------------------------------------------------
Starting RTL Elaboration : Time (s): cpu = 00:00:04 ; elapsed = 00:00:04 . Memory (MB): peak = 2185.648 ; gain = 482.188 ; free physical = 20106 ; free virtual = 83523
---------------------------------------------------------------------------------
INFO: [Synth 8-6157] synthesizing module 'alchitry_top' [/home/j31415/repos/VanishingTicTacToe/build/vivado/beta.srcs/sources_1/imports/source/alchitry_top.sv:7]
INFO: [Synth 8-6157] synthesizing module 'reset_conditioner' [/home/j31415/repos/VanishingTicTacToe/build/vivado/beta.srcs/sources_1/imports/source/reset_conditioner.sv:7]
	Parameter STAGES bound to: 3'b100 
INFO: [Synth 8-6155] done synthesizing module 'reset_conditioner' (0#1) [/home/j31415/repos/VanishingTicTacToe/build/vivado/beta.srcs/sources_1/imports/source/reset_conditioner.sv:7]
INFO: [Synth 8-6157] synthesizing module 'button_conditioner' [/home/j31415/repos/VanishingTicTacToe/build/vivado/beta.srcs/sources_1/imports/source/button_conditioner.sv:7]
	Parameter CLK_FREQ bound to: 27'b000100110001001011010000000 
	Parameter MIN_DELAY bound to: 5'b10100 
	Parameter NUM_SYNC bound to: 2'b10 
INFO: [Synth 8-6157] synthesizing module 'pipeline' [/home/j31415/repos/VanishingTicTacToe/build/vivado/beta.srcs/sources_1/imports/source/pipeline.sv:7]
	Parameter DEPTH bound to: 2'b10 
INFO: [Synth 8-6155] done synthesizing module 'pipeline' (0#1) [/home/j31415/repos/VanishingTicTacToe/build/vivado/beta.srcs/sources_1/imports/source/pipeline.sv:7]
INFO: [Synth 8-6155] done synthesizing module 'button_conditioner' (0#1) [/home/j31415/repos/VanishingTicTacToe/build/vivado/beta.srcs/sources_1/imports/source/button_conditioner.sv:7]
INFO: [Synth 8-6157] synthesizing module 'edge_detector' [/home/j31415/repos/VanishingTicTacToe/build/vivado/beta.srcs/sources_1/imports/source/edge_detector.sv:7]
	Parameter RISE bound to: 1'b1 
	Parameter FALL bound to: 1'b0 
INFO: [Synth 8-6155] done synthesizing module 'edge_detector' (0#1) [/home/j31415/repos/VanishingTicTacToe/build/vivado/beta.srcs/sources_1/imports/source/edge_detector.sv:7]
INFO: [Synth 8-6157] synthesizing module 'game_datapath' [/home/j31415/repos/VanishingTicTacToe/build/vivado/beta.srcs/sources_1/imports/source/game_datapath.sv:7]
INFO: [Synth 8-6157] synthesizing module 'game_regfile' [/home/j31415/repos/VanishingTicTacToe/build/vivado/beta.srcs/sources_1/imports/source/game_regfile.sv:7]
INFO: [Synth 8-6155] done synthesizing module 'game_regfile' (0#1) [/home/j31415/repos/VanishingTicTacToe/build/vivado/beta.srcs/sources_1/imports/source/game_regfile.sv:7]
INFO: [Synth 8-6157] synthesizing module 'alu' [/home/j31415/repos/VanishingTicTacToe/build/vivado/beta.srcs/sources_1/imports/source/alu.sv:7]
INFO: [Synth 8-6157] synthesizing module 'add_and_sub' [/home/j31415/repos/VanishingTicTacToe/build/vivado/beta.srcs/sources_1/imports/source/add_and_sub.sv:7]
	Parameter SIZE bound to: 6'b100000 
INFO: [Synth 8-6157] synthesizing module 'rca' [/home/j31415/repos/VanishingTicTacToe/build/vivado/beta.srcs/sources_1/imports/source/rca.sv:7]
	Parameter SIZE bound to: 6'b100000 
INFO: [Synth 8-6157] synthesizing module 'fa' [/home/j31415/repos/VanishingTicTacToe/build/vivado/beta.srcs/sources_1/imports/source/fa.sv:7]
INFO: [Synth 8-6155] done synthesizing module 'fa' (0#1) [/home/j31415/repos/VanishingTicTacToe/build/vivado/beta.srcs/sources_1/imports/source/fa.sv:7]
INFO: [Synth 8-6155] done synthesizing module 'rca' (0#1) [/home/j31415/repos/VanishingTicTacToe/build/vivado/beta.srcs/sources_1/imports/source/rca.sv:7]
INFO: [Synth 8-6155] done synthesizing module 'add_and_sub' (0#1) [/home/j31415/repos/VanishingTicTacToe/build/vivado/beta.srcs/sources_1/imports/source/add_and_sub.sv:7]
INFO: [Synth 8-6157] synthesizing module 'mul' [/home/j31415/repos/VanishingTicTacToe/build/vivado/beta.srcs/sources_1/imports/source/mul.sv:7]
INFO: [Synth 8-6155] done synthesizing module 'mul' (0#1) [/home/j31415/repos/VanishingTicTacToe/build/vivado/beta.srcs/sources_1/imports/source/mul.sv:7]
INFO: [Synth 8-6157] synthesizing module 'boolean' [/home/j31415/repos/VanishingTicTacToe/build/vivado/beta.srcs/sources_1/imports/source/boolean.sv:7]
	Parameter SIZE bound to: 6'b100000 
INFO: [Synth 8-6157] synthesizing module 'mux4to1' [/home/j31415/repos/VanishingTicTacToe/build/vivado/beta.srcs/sources_1/imports/source/mux4to1.sv:7]
INFO: [Synth 8-6157] synthesizing module 'mux2to1' [/home/j31415/repos/VanishingTicTacToe/build/vivado/beta.srcs/sources_1/imports/source/mux2to1.sv:7]
INFO: [Synth 8-6155] done synthesizing module 'mux2to1' (0#1) [/home/j31415/repos/VanishingTicTacToe/build/vivado/beta.srcs/sources_1/imports/source/mux2to1.sv:7]
INFO: [Synth 8-6155] done synthesizing module 'mux4to1' (0#1) [/home/j31415/repos/VanishingTicTacToe/build/vivado/beta.srcs/sources_1/imports/source/mux4to1.sv:7]
INFO: [Synth 8-6155] done synthesizing module 'boolean' (0#1) [/home/j31415/repos/VanishingTicTacToe/build/vivado/beta.srcs/sources_1/imports/source/boolean.sv:7]
INFO: [Synth 8-6157] synthesizing module 'compact_shifter' [/home/j31415/repos/VanishingTicTacToe/build/vivado/beta.srcs/sources_1/imports/source/compact_shifter.sv:7]
INFO: [Synth 8-6155] done synthesizing module 'compact_shifter' (0#1) [/home/j31415/repos/VanishingTicTacToe/build/vivado/beta.srcs/sources_1/imports/source/compact_shifter.sv:7]
INFO: [Synth 8-6157] synthesizing module 'compare_unit' [/home/j31415/repos/VanishingTicTacToe/build/vivado/beta.srcs/sources_1/imports/source/compare_unit.sv:7]
	Parameter SIZE bound to: 4'b1000 
INFO: [Synth 8-6155] done synthesizing module 'compare_unit' (0#1) [/home/j31415/repos/VanishingTicTacToe/build/vivado/beta.srcs/sources_1/imports/source/compare_unit.sv:7]
INFO: [Synth 8-6157] synthesizing module 'popcount' [/home/j31415/repos/VanishingTicTacToe/build/vivado/beta.srcs/sources_1/imports/source/popcount.sv:7]
INFO: [Synth 8-6155] done synthesizing module 'popcount' (0#1) [/home/j31415/repos/VanishingTicTacToe/build/vivado/beta.srcs/sources_1/imports/source/popcount.sv:7]
INFO: [Synth 8-6155] done synthesizing module 'alu' (0#1) [/home/j31415/repos/VanishingTicTacToe/build/vivado/beta.srcs/sources_1/imports/source/alu.sv:7]
INFO: [Synth 8-6157] synthesizing module 'game_fsm' [/home/j31415/repos/VanishingTicTacToe/build/vivado/beta.srcs/sources_1/imports/source/game_fsm.sv:7]
INFO: [Synth 8-155] case statement is not full and has no default [/home/j31415/repos/VanishingTicTacToe/build/vivado/beta.srcs/sources_1/imports/source/game_fsm.sv:59]
INFO: [Synth 8-6155] done synthesizing module 'game_fsm' (0#1) [/home/j31415/repos/VanishingTicTacToe/build/vivado/beta.srcs/sources_1/imports/source/game_fsm.sv:7]
INFO: [Synth 8-6157] synthesizing module 'game_control_unit' [/home/j31415/repos/VanishingTicTacToe/build/vivado/beta.srcs/sources_1/imports/source/game_control_unit.sv:7]
INFO: [Synth 8-155] case statement is not full and has no default [/home/j31415/repos/VanishingTicTacToe/build/vivado/beta.srcs/sources_1/imports/source/game_control_unit.sv:105]
INFO: [Synth 8-155] case statement is not full and has no default [/home/j31415/repos/VanishingTicTacToe/build/vivado/beta.srcs/sources_1/imports/source/game_control_unit.sv:71]
INFO: [Synth 8-6155] done synthesizing module 'game_control_unit' (0#1) [/home/j31415/repos/VanishingTicTacToe/build/vivado/beta.srcs/sources_1/imports/source/game_control_unit.sv:7]
INFO: [Synth 8-6157] synthesizing module 'box_fsm' [/home/j31415/repos/VanishingTicTacToe/build/vivado/beta.srcs/sources_1/imports/source/box_fsm.sv:7]
INFO: [Synth 8-155] case statement is not full and has no default [/home/j31415/repos/VanishingTicTacToe/build/vivado/beta.srcs/sources_1/imports/source/box_fsm.sv:29]
INFO: [Synth 8-6155] done synthesizing module 'box_fsm' (0#1) [/home/j31415/repos/VanishingTicTacToe/build/vivado/beta.srcs/sources_1/imports/source/box_fsm.sv:7]
INFO: [Synth 8-226] default block is never used [/home/j31415/repos/VanishingTicTacToe/build/vivado/beta.srcs/sources_1/imports/source/game_datapath.sv:380]
INFO: [Synth 8-6155] done synthesizing module 'game_datapath' (0#1) [/home/j31415/repos/VanishingTicTacToe/build/vivado/beta.srcs/sources_1/imports/source/game_datapath.sv:7]
INFO: [Synth 8-6157] synthesizing module 'tictactoe_ws2812_display' [/home/j31415/repos/VanishingTicTacToe/build/vivado/beta.srcs/sources_1/imports/source/tictactoe_ws2812_display.sv:1]
INFO: [Synth 8-226] default block is never used [/home/j31415/repos/VanishingTicTacToe/build/vivado/beta.srcs/sources_1/imports/source/tictactoe_ws2812_display.sv:136]
INFO: [Synth 8-6155] done synthesizing module 'tictactoe_ws2812_display' (0#1) [/home/j31415/repos/VanishingTicTacToe/build/vivado/beta.srcs/sources_1/imports/source/tictactoe_ws2812_display.sv:1]
INFO: [Synth 8-6155] done synthesizing module 'alchitry_top' (0#1) [/home/j31415/repos/VanishingTicTacToe/build/vivado/beta.srcs/sources_1/imports/source/alchitry_top.sv:7]
WARNING: [Synth 8-3936] Found unconnected internal register 'b_mod_reg' and it is trimmed from '32' to '31' bits. [/home/j31415/repos/VanishingTicTacToe/build/vivado/beta.srcs/sources_1/imports/source/add_and_sub.sv:45]
WARNING: [Synth 8-3917] design alchitry_top has port led[7] driven by constant 0
WARNING: [Synth 8-3917] design alchitry_top has port led[6] driven by constant 0
WARNING: [Synth 8-3917] design alchitry_top has port led[5] driven by constant 0
WARNING: [Synth 8-3917] design alchitry_top has port led[4] driven by constant 0
WARNING: [Synth 8-3917] design alchitry_top has port led[3] driven by constant 0
WARNING: [Synth 8-3917] design alchitry_top has port led[2] driven by constant 0
WARNING: [Synth 8-3917] design alchitry_top has port io_segment[7] driven by constant 0
WARNING: [Synth 8-3917] design alchitry_top has port io_segment[6] driven by constant 0
WARNING: [Synth 8-3917] design alchitry_top has port io_segment[5] driven by constant 0
WARNING: [Synth 8-3917] design alchitry_top has port io_segment[4] driven by constant 0
WARNING: [Synth 8-3917] design alchitry_top has port io_segment[3] driven by constant 0
WARNING: [Synth 8-3917] design alchitry_top has port io_segment[2] driven by constant 0
WARNING: [Synth 8-3917] design alchitry_top has port io_segment[1] driven by constant 0
WARNING: [Synth 8-3917] design alchitry_top has port io_segment[0] driven by constant 0
WARNING: [Synth 8-3917] design alchitry_top has port io_select[3] driven by constant 0
WARNING: [Synth 8-3917] design alchitry_top has port io_select[2] driven by constant 0
WARNING: [Synth 8-3917] design alchitry_top has port io_select[1] driven by constant 0
WARNING: [Synth 8-3917] design alchitry_top has port io_select[0] driven by constant 0
WARNING: [Synth 8-7129] Port alufn[5] in module compare_unit is either unconnected or has no load
WARNING: [Synth 8-7129] Port alufn[4] in module compare_unit is either unconnected or has no load
WARNING: [Synth 8-7129] Port alufn[3] in module compare_unit is either unconnected or has no load
WARNING: [Synth 8-7129] Port alufn[0] in module compare_unit is either unconnected or has no load
WARNING: [Synth 8-7129] Port alufn[5] in module compact_shifter is either unconnected or has no load
WARNING: [Synth 8-7129] Port alufn[4] in module compact_shifter is either unconnected or has no load
WARNING: [Synth 8-7129] Port alufn[3] in module compact_shifter is either unconnected or has no load
WARNING: [Synth 8-7129] Port alufn[2] in module compact_shifter is either unconnected or has no load
WARNING: [Synth 8-7129] Port alufn[5] in module boolean is either unconnected or has no load
WARNING: [Synth 8-7129] Port alufn[4] in module boolean is either unconnected or has no load
WARNING: [Synth 8-7129] Port io_button[4] in module alchitry_top is either unconnected or has no load
WARNING: [Synth 8-7129] Port io_button[3] in module alchitry_top is either unconnected or has no load
WARNING: [Synth 8-7129] Port io_button[2] in module alchitry_top is either unconnected or has no load
WARNING: [Synth 8-7129] Port io_dip[2][7] in module alchitry_top is either unconnected or has no load
WARNING: [Synth 8-7129] Port io_dip[2][6] in module alchitry_top is either unconnected or has no load
WARNING: [Synth 8-7129] Port io_dip[2][5] in module alchitry_top is either unconnected or has no load
WARNING: [Synth 8-7129] Port io_dip[2][4] in module alchitry_top is either unconnected or has no load
WARNING: [Synth 8-7129] Port io_dip[2][3] in module alchitry_top is either unconnected or has no load
WARNING: [Synth 8-7129] Port io_dip[2][2] in module alchitry_top is either unconnected or has no load
WARNING: [Synth 8-7129] Port io_dip[2][1] in module alchitry_top is either unconnected or has no load
WARNING: [Synth 8-7129] Port io_dip[2][0] in module alchitry_top is either unconnected or has no load
WARNING: [Synth 8-7129] Port io_dip[1][7] in module alchitry_top is either unconnected or has no load
WARNING: [Synth 8-7129] Port io_dip[1][6] in module alchitry_top is either unconnected or has no load
WARNING: [Synth 8-7129] Port io_dip[1][5] in module alchitry_top is either unconnected or has no load
WARNING: [Synth 8-7129] Port io_dip[1][4] in module alchitry_top is either unconnected or has no load
WARNING: [Synth 8-7129] Port io_dip[1][3] in module alchitry_top is either unconnected or has no load
WARNING: [Synth 8-7129] Port io_dip[1][2] in module alchitry_top is either unconnected or has no load
WARNING: [Synth 8-7129] Port io_dip[1][1] in module alchitry_top is either unconnected or has no load
WARNING: [Synth 8-7129] Port io_dip[1][0] in module alchitry_top is either unconnected or has no load
WARNING: [Synth 8-7129] Port io_dip[0][7] in module alchitry_top is either unconnected or has no load
WARNING: [Synth 8-7129] Port io_dip[0][6] in module alchitry_top is either unconnected or has no load
WARNING: [Synth 8-7129] Port io_dip[0][5] in module alchitry_top is either unconnected or has no load
WARNING: [Synth 8-7129] Port io_dip[0][4] in module alchitry_top is either unconnected or has no load
---------------------------------------------------------------------------------
Finished RTL Elaboration : Time (s): cpu = 00:00:06 ; elapsed = 00:00:06 . Memory (MB): peak = 2281.617 ; gain = 578.156 ; free physical = 20070 ; free virtual = 83490
---------------------------------------------------------------------------------
---------------------------------------------------------------------------------
Start Handling Custom Attributes
---------------------------------------------------------------------------------
---------------------------------------------------------------------------------
Finished Handling Custom Attributes : Time (s): cpu = 00:00:06 ; elapsed = 00:00:06 . Memory (MB): peak = 2296.461 ; gain = 593.000 ; free physical = 20067 ; free virtual = 83487
---------------------------------------------------------------------------------
---------------------------------------------------------------------------------
Finished RTL Optimization Phase 1 : Time (s): cpu = 00:00:06 ; elapsed = 00:00:06 . Memory (MB): peak = 2296.461 ; gain = 593.000 ; free physical = 20067 ; free virtual = 83487
---------------------------------------------------------------------------------
Netlist sorting complete. Time (s): cpu = 00:00:00.02 ; elapsed = 00:00:00.02 . Memory (MB): peak = 2296.461 ; gain = 0.000 ; free physical = 20067 ; free virtual = 83487
INFO: [Project 1-570] Preparing netlist for logic optimization

Processing XDC Constraints
Initializing timing engine
Parsing XDC File [/home/j31415/repos/VanishingTicTacToe/build/constraint/alchitry.xdc]
Finished Parsing XDC File [/home/j31415/repos/VanishingTicTacToe/build/constraint/alchitry.xdc]
INFO: [Project 1-236] Implementation specific constraints were found while reading constraint file [/home/j31415/repos/VanishingTicTacToe/build/constraint/alchitry.xdc]. These constraints will be ignored for synthesis but will be used in implementation. Impacted constraints are listed in the file [.Xil/alchitry_top_propImpl.xdc].
Resolution: To avoid this warning, move constraints listed in [.Xil/alchitry_top_propImpl.xdc] to another XDC file and exclude this new file from synthesis with the used_in_synthesis property (File Properties dialog in GUI) and re-run elaboration/synthesis.
Parsing XDC File [/home/j31415/repos/VanishingTicTacToe/build/constraint/au_props.xdc]
Finished Parsing XDC File [/home/j31415/repos/VanishingTicTacToe/build/constraint/au_props.xdc]
Completed Processing XDC Constraints

Netlist sorting complete. Time (s): cpu = 00:00:00 ; elapsed = 00:00:00.01 . Memory (MB): peak = 2406.199 ; gain = 0.000 ; free physical = 20030 ; free virtual = 83466
INFO: [Project 1-111] Unisim Transformation Summary:
No Unisim elements were transformed.

Constraint Validation Runtime : Time (s): cpu = 00:00:00.01 ; elapsed = 00:00:00 . Memory (MB): peak = 2406.234 ; gain = 0.000 ; free physical = 20030 ; free virtual = 83466
---------------------------------------------------------------------------------
Finished Constraint Validation : Time (s): cpu = 00:00:13 ; elapsed = 00:00:13 . Memory (MB): peak = 2406.234 ; gain = 702.773 ; free physical = 20043 ; free virtual = 83480
---------------------------------------------------------------------------------
---------------------------------------------------------------------------------
Start Loading Part and Timing Information
---------------------------------------------------------------------------------
Loading part: xc7a35tftg256-1
---------------------------------------------------------------------------------
Finished Loading Part and Timing Information : Time (s): cpu = 00:00:13 ; elapsed = 00:00:13 . Memory (MB): peak = 2414.203 ; gain = 710.742 ; free physical = 20043 ; free virtual = 83480
---------------------------------------------------------------------------------
---------------------------------------------------------------------------------
Start Applying 'set_property' XDC Constraints
---------------------------------------------------------------------------------
---------------------------------------------------------------------------------
Finished applying 'set_property' XDC Constraints : Time (s): cpu = 00:00:13 ; elapsed = 00:00:13 . Memory (MB): peak = 2414.203 ; gain = 710.742 ; free physical = 20043 ; free virtual = 83480
---------------------------------------------------------------------------------
INFO: [Synth 8-802] inferred FSM for state register 'D_state_q_reg' in module 'game_fsm'
INFO: [Synth 8-802] inferred FSM for state register 'D_state_q_reg' in module 'box_fsm'
INFO: [Synth 8-802] inferred FSM for state register 'state_q_reg' in module 'tictactoe_ws2812_display'
---------------------------------------------------------------------------------------------------
                   State |                     New Encoding |                Previous Encoding 
---------------------------------------------------------------------------------------------------
                 iSTATE8 |               000000000000000001 |                            00000
                 iSTATE6 |               000000000000000010 |                            00001
                 iSTATE3 |               000000000000000100 |                            00010
                 iSTATE2 |               000000000000001000 |                            00011
                iSTATE15 |               000000000000010000 |                            00100
                iSTATE14 |               000000000000100000 |                            00101
                iSTATE11 |               000000000001000000 |                            00110
                iSTATE10 |               000000000010000000 |                            00111
                iSTATE13 |               000000000100000000 |                            01000
                iSTATE12 |               000000001000000000 |                            01001
                 iSTATE9 |               000000010000000000 |                            01010
                 iSTATE7 |               000000100000000000 |                            01011
                 iSTATE1 |               000001000000000000 |                            01100
                 iSTATE0 |               000010000000000000 |                            01101
                  iSTATE |               000100000000000000 |                            01110
                 iSTATE4 |               001000000000000000 |                            10001
                iSTATE16 |               010000000000000000 |                            01111
                 iSTATE5 |               100000000000000000 |                            10000
---------------------------------------------------------------------------------------------------
INFO: [Synth 8-3354] encoded FSM with state register 'D_state_q_reg' using encoding 'one-hot' in module 'game_fsm'
---------------------------------------------------------------------------------------------------
                   State |                     New Encoding |                Previous Encoding 
---------------------------------------------------------------------------------------------------
                  iSTATE |                              000 |                              000
                 iSTATE5 |                              001 |                              100
                 iSTATE2 |                              010 |                              101
                 iSTATE3 |                              011 |                              110
                 iSTATE4 |                              100 |                              001
                 iSTATE0 |                              101 |                              010
                 iSTATE1 |                              110 |                              011
---------------------------------------------------------------------------------------------------
INFO: [Synth 8-3354] encoded FSM with state register 'D_state_q_reg' using encoding 'sequential' in module 'box_fsm'
---------------------------------------------------------------------------------------------------
                   State |                     New Encoding |                Previous Encoding 
---------------------------------------------------------------------------------------------------
                 S_RESET |                               00 |                               11
                  S_IDLE |                               01 |                               00
                  S_HIGH |                               10 |                               01
                   S_LOW |                               11 |                               10
---------------------------------------------------------------------------------------------------
INFO: [Synth 8-3354] encoded FSM with state register 'state_q_reg' using encoding 'sequential' in module 'tictactoe_ws2812_display'
---------------------------------------------------------------------------------
Finished RTL Optimization Phase 2 : Time (s): cpu = 00:00:14 ; elapsed = 00:00:14 . Memory (MB): peak = 2414.203 ; gain = 710.742 ; free physical = 20045 ; free virtual = 83484
---------------------------------------------------------------------------------
---------------------------------------------------------------------------------
Start RTL Component Statistics 
---------------------------------------------------------------------------------
Detailed RTL Component Info : 
+---Adders : 
	   2 Input   32 Bit       Adders := 6     
	   2 Input    9 Bit       Adders := 1     
	   2 Input    8 Bit       Adders := 1     
	  32 Input    6 Bit       Adders := 1     
	   2 Input    5 Bit       Adders := 1     
	   2 Input    4 Bit       Adders := 4     
	   2 Input    3 Bit       Adders := 1     
+---XORs : 
	   2 Input      2 Bit         XORs := 4     
	   3 Input      1 Bit         XORs := 32    
	   2 Input      1 Bit         XORs := 33    
+---Registers : 
	               32 Bit    Registers := 10    
	               24 Bit    Registers := 1     
	                8 Bit    Registers := 1     
	                5 Bit    Registers := 1     
	                4 Bit    Registers := 2     
	                3 Bit    Registers := 1     
	                2 Bit    Registers := 11    
	                1 Bit    Registers := 5     
+---Multipliers : 
	              32x32  Multipliers := 1     
+---Muxes : 
	   2 Input   32 Bit        Muxes := 8     
	   4 Input   32 Bit        Muxes := 4     
	   2 Input   24 Bit        Muxes := 1     
	   4 Input   24 Bit        Muxes := 1     
	   4 Input   21 Bit        Muxes := 2     
	  18 Input   18 Bit        Muxes := 1     
	   2 Input   18 Bit        Muxes := 4     
	   3 Input   16 Bit        Muxes := 2     
	   8 Input    9 Bit        Muxes := 1     
	  19 Input    6 Bit        Muxes := 1     
	  18 Input    5 Bit        Muxes := 1     
	   2 Input    5 Bit        Muxes := 1     
	   4 Input    5 Bit        Muxes := 1     
	   2 Input    4 Bit        Muxes := 2     
	  18 Input    3 Bit        Muxes := 1     
	  19 Input    3 Bit        Muxes := 2     
	   7 Input    3 Bit        Muxes := 9     
	   2 Input    3 Bit        Muxes := 10    
	   3 Input    3 Bit        Muxes := 1     
	  19 Input    2 Bit        Muxes := 3     
	   7 Input    2 Bit        Muxes := 9     
	   4 Input    2 Bit        Muxes := 1     
	   2 Input    2 Bit        Muxes := 2     
	   2 Input    1 Bit        Muxes := 337   
	  18 Input    1 Bit        Muxes := 5     
	  19 Input    1 Bit        Muxes := 2     
	   7 Input    1 Bit        Muxes := 9     
	   4 Input    1 Bit        Muxes := 10    
---------------------------------------------------------------------------------
Finished RTL Component Statistics 
---------------------------------------------------------------------------------
---------------------------------------------------------------------------------
Start Part Resource Summary
---------------------------------------------------------------------------------
Part Resources:
DSPs: 90 (col length:60)
BRAMs: 100 (col length: RAMB18 60 RAMB36 30)
---------------------------------------------------------------------------------
Finished Part Resource Summary
---------------------------------------------------------------------------------
---------------------------------------------------------------------------------
Start Cross Boundary and Area Optimization
---------------------------------------------------------------------------------
DSP Report: Generating DSP multi/mul0, operation Mode is: A*B.
DSP Report: operator multi/mul0 is absorbed into DSP multi/mul0.
DSP Report: operator multi/mul0 is absorbed into DSP multi/mul0.
DSP Report: Generating DSP multi/mul0, operation Mode is: (PCIN>>17)+A*B.
DSP Report: operator multi/mul0 is absorbed into DSP multi/mul0.
DSP Report: operator multi/mul0 is absorbed into DSP multi/mul0.
DSP Report: Generating DSP multi/mul0, operation Mode is: A*B.
DSP Report: operator multi/mul0 is absorbed into DSP multi/mul0.
DSP Report: operator multi/mul0 is absorbed into DSP multi/mul0.
DSP Report: Generating DSP multi/mul0, operation Mode is: (PCIN>>17)+A*B.
DSP Report: operator multi/mul0 is absorbed into DSP multi/mul0.
DSP Report: operator multi/mul0 is absorbed into DSP multi/mul0.
WARNING: [Synth 8-3917] design alchitry_top has port led[7] driven by constant 0
WARNING: [Synth 8-3917] design alchitry_top has port led[6] driven by constant 0
WARNING: [Synth 8-3917] design alchitry_top has port led[5] driven by constant 0
WARNING: [Synth 8-3917] design alchitry_top has port led[4] driven by constant 0
WARNING: [Synth 8-3917] design alchitry_top has port led[3] driven by constant 0
WARNING: [Synth 8-3917] design alchitry_top has port led[2] driven by constant 0
WARNING: [Synth 8-3917] design alchitry_top has port io_segment[7] driven by constant 0
WARNING: [Synth 8-3917] design alchitry_top has port io_segment[6] driven by constant 0
WARNING: [Synth 8-3917] design alchitry_top has port io_segment[5] driven by constant 0
WARNING: [Synth 8-3917] design alchitry_top has port io_segment[4] driven by constant 0
WARNING: [Synth 8-3917] design alchitry_top has port io_segment[3] driven by constant 0
WARNING: [Synth 8-3917] design alchitry_top has port io_segment[2] driven by constant 0
WARNING: [Synth 8-3917] design alchitry_top has port io_segment[1] driven by constant 0
WARNING: [Synth 8-3917] design alchitry_top has port io_segment[0] driven by constant 0
WARNING: [Synth 8-3917] design alchitry_top has port io_select[3] driven by constant 0
WARNING: [Synth 8-3917] design alchitry_top has port io_select[2] driven by constant 0
WARNING: [Synth 8-3917] design alchitry_top has port io_select[1] driven by constant 0
WARNING: [Synth 8-3917] design alchitry_top has port io_select[0] driven by constant 0
WARNING: [Synth 8-7129] Port io_button[4] in module alchitry_top is either unconnected or has no load
WARNING: [Synth 8-7129] Port io_button[3] in module alchitry_top is either unconnected or has no load
WARNING: [Synth 8-7129] Port io_button[2] in module alchitry_top is either unconnected or has no load
WARNING: [Synth 8-7129] Port io_dip[2][7] in module alchitry_top is either unconnected or has no load
WARNING: [Synth 8-7129] Port io_dip[2][6] in module alchitry_top is either unconnected or has no load
WARNING: [Synth 8-7129] Port io_dip[2][5] in module alchitry_top is either unconnected or has no load
WARNING: [Synth 8-7129] Port io_dip[2][4] in module alchitry_top is either unconnected or has no load
WARNING: [Synth 8-7129] Port io_dip[2][3] in module alchitry_top is either unconnected or has no load
WARNING: [Synth 8-7129] Port io_dip[2][2] in module alchitry_top is either unconnected or has no load
WARNING: [Synth 8-7129] Port io_dip[2][1] in module alchitry_top is either unconnected or has no load
WARNING: [Synth 8-7129] Port io_dip[2][0] in module alchitry_top is either unconnected or has no load
WARNING: [Synth 8-7129] Port io_dip[1][7] in module alchitry_top is either unconnected or has no load
WARNING: [Synth 8-7129] Port io_dip[1][6] in module alchitry_top is either unconnected or has no load
WARNING: [Synth 8-7129] Port io_dip[1][5] in module alchitry_top is either unconnected or has no load
WARNING: [Synth 8-7129] Port io_dip[1][4] in module alchitry_top is either unconnected or has no load
WARNING: [Synth 8-7129] Port io_dip[1][3] in module alchitry_top is either unconnected or has no load
WARNING: [Synth 8-7129] Port io_dip[1][2] in module alchitry_top is either unconnected or has no load
WARNING: [Synth 8-7129] Port io_dip[1][1] in module alchitry_top is either unconnected or has no load
WARNING: [Synth 8-7129] Port io_dip[1][0] in module alchitry_top is either unconnected or has no load
WARNING: [Synth 8-7129] Port io_dip[0][7] in module alchitry_top is either unconnected or has no load
WARNING: [Synth 8-7129] Port io_dip[0][6] in module alchitry_top is either unconnected or has no load
WARNING: [Synth 8-7129] Port io_dip[0][5] in module alchitry_top is either unconnected or has no load
WARNING: [Synth 8-7129] Port io_dip[0][4] in module alchitry_top is either unconnected or has no load
---------------------------------------------------------------------------------
Finished Cross Boundary and Area Optimization : Time (s): cpu = 00:00:33 ; elapsed = 00:00:34 . Memory (MB): peak = 2483.211 ; gain = 779.750 ; free physical = 19984 ; free virtual = 83438
---------------------------------------------------------------------------------
 Sort Area is  multi/mul0_0 : 0 0 : 3101 5879 : Used 1 time 0
 Sort Area is  multi/mul0_0 : 0 1 : 2778 5879 : Used 1 time 0
 Sort Area is  multi/mul0_3 : 0 0 : 2759 5418 : Used 1 time 0
 Sort Area is  multi/mul0_3 : 0 1 : 2659 5418 : Used 1 time 0
---------------------------------------------------------------------------------
Start ROM, RAM, DSP, Shift Register and Retiming Reporting
---------------------------------------------------------------------------------

ROM: Preliminary Mapping Report
+------------------+------------+---------------+----------------+
|Module Name       | RTL Object | Depth x Width | Implemented As | 
+------------------+------------+---------------+----------------+
|game_control_unit | we         | 32x1          | LUT            | 
|game_control_unit | wa         | 32x3          | LUT            | 
|game_control_unit | we         | 32x1          | LUT            | 
|game_control_unit | wa         | 32x3          | LUT            | 
+------------------+------------+---------------+----------------+


DSP: Preliminary Mapping Report (see note below. The ' indicates corresponding REG is set)
+------------+----------------+--------+--------+--------+--------+--------+------+------+------+------+-------+------+------+
|Module Name | DSP Mapping    | A Size | B Size | C Size | D Size | P Size | AREG | BREG | CREG | DREG | ADREG | MREG | PREG | 
+------------+----------------+--------+--------+--------+--------+--------+------+------+------+------+-------+------+------+
|alu         | A*B            | 18     | 16     | -      | -      | 48     | 0    | 0    | -    | -    | -     | 0    | 0    | 
|alu         | (PCIN>>17)+A*B | 16     | 16     | -      | -      | 48     | 0    | 0    | -    | -    | -     | 0    | 0    | 
|alu         | A*B            | 18     | 18     | -      | -      | 48     | 0    | 0    | -    | -    | -     | 0    | 0    | 
|alu         | (PCIN>>17)+A*B | 18     | 16     | -      | -      | 48     | 0    | 0    | -    | -    | -     | 0    | 0    | 
+------------+----------------+--------+--------+--------+--------+--------+------+------+------+------+-------+------+------+

Note: The table above is a preliminary report that shows the DSPs inferred at the current stage of the synthesis flow. Some DSP may be reimplemented as non DSP primitives later in the synthesis flow. Multiple instantiated DSPs are reported only once.
---------------------------------------------------------------------------------
Finished ROM, RAM, DSP, Shift Register and Retiming Reporting
---------------------------------------------------------------------------------
---------------------------------------------------------------------------------
Start Applying XDC Timing Constraints
---------------------------------------------------------------------------------
---------------------------------------------------------------------------------
Finished Applying XDC Timing Constraints : Time (s): cpu = 00:00:39 ; elapsed = 00:00:39 . Memory (MB): peak = 2515.211 ; gain = 811.750 ; free physical = 19913 ; free virtual = 83406
---------------------------------------------------------------------------------
---------------------------------------------------------------------------------
Start Timing Optimization
---------------------------------------------------------------------------------
---------------------------------------------------------------------------------
Finished Timing Optimization : Time (s): cpu = 00:00:51 ; elapsed = 00:00:52 . Memory (MB): peak = 2677.156 ; gain = 973.695 ; free physical = 20072 ; free virtual = 83478
---------------------------------------------------------------------------------
---------------------------------------------------------------------------------
Start Technology Mapping
---------------------------------------------------------------------------------
---------------------------------------------------------------------------------
Finished Technology Mapping : Time (s): cpu = 00:00:52 ; elapsed = 00:00:53 . Memory (MB): peak = 2677.156 ; gain = 973.695 ; free physical = 20022 ; free virtual = 83428
---------------------------------------------------------------------------------
---------------------------------------------------------------------------------
Start IO Insertion
---------------------------------------------------------------------------------
---------------------------------------------------------------------------------
Start Flattening Before IO Insertion
---------------------------------------------------------------------------------
---------------------------------------------------------------------------------
Finished Flattening Before IO Insertion
---------------------------------------------------------------------------------
---------------------------------------------------------------------------------
Start Final Netlist Cleanup
---------------------------------------------------------------------------------
---------------------------------------------------------------------------------
Finished Final Netlist Cleanup
---------------------------------------------------------------------------------
---------------------------------------------------------------------------------
Finished IO Insertion : Time (s): cpu = 00:00:56 ; elapsed = 00:00:57 . Memory (MB): peak = 2782.969 ; gain = 1079.508 ; free physical = 20236 ; free virtual = 83368
---------------------------------------------------------------------------------
---------------------------------------------------------------------------------
Start Renaming Generated Instances
---------------------------------------------------------------------------------
---------------------------------------------------------------------------------
Finished Renaming Generated Instances : Time (s): cpu = 00:00:56 ; elapsed = 00:00:57 . Memory (MB): peak = 2782.969 ; gain = 1079.508 ; free physical = 20236 ; free virtual = 83368
---------------------------------------------------------------------------------
---------------------------------------------------------------------------------
Start Rebuilding User Hierarchy
---------------------------------------------------------------------------------
---------------------------------------------------------------------------------
Finished Rebuilding User Hierarchy : Time (s): cpu = 00:00:56 ; elapsed = 00:00:57 . Memory (MB): peak = 2782.969 ; gain = 1079.508 ; free physical = 20236 ; free virtual = 83368
---------------------------------------------------------------------------------
---------------------------------------------------------------------------------
Start Renaming Generated Ports
---------------------------------------------------------------------------------
---------------------------------------------------------------------------------
Finished Renaming Generated Ports : Time (s): cpu = 00:00:56 ; elapsed = 00:00:57 . Memory (MB): peak = 2782.969 ; gain = 1079.508 ; free physical = 20236 ; free virtual = 83368
---------------------------------------------------------------------------------
---------------------------------------------------------------------------------
Start Handling Custom Attributes
---------------------------------------------------------------------------------
---------------------------------------------------------------------------------
Finished Handling Custom Attributes : Time (s): cpu = 00:00:56 ; elapsed = 00:00:57 . Memory (MB): peak = 2782.969 ; gain = 1079.508 ; free physical = 20243 ; free virtual = 83375
---------------------------------------------------------------------------------
---------------------------------------------------------------------------------
Start Renaming Generated Nets
---------------------------------------------------------------------------------
---------------------------------------------------------------------------------
Finished Renaming Generated Nets : Time (s): cpu = 00:00:56 ; elapsed = 00:00:57 . Memory (MB): peak = 2782.969 ; gain = 1079.508 ; free physical = 20243 ; free virtual = 83375
---------------------------------------------------------------------------------
---------------------------------------------------------------------------------
Start Writing Synthesis Report
---------------------------------------------------------------------------------

DSP Final Report (the ' indicates corresponding REG is set)
+------------+--------------+--------+--------+--------+--------+--------+------+------+------+------+-------+------+------+
|Module Name | DSP Mapping  | A Size | B Size | C Size | D Size | P Size | AREG | BREG | CREG | DREG | ADREG | MREG | PREG | 
+------------+--------------+--------+--------+--------+--------+--------+------+------+------+------+-------+------+------+
|alu         | A*B          | 17     | 15     | -      | -      | 48     | 0    | 0    | -    | -    | -     | 0    | 0    | 
|alu         | A*B          | 17     | 17     | -      | -      | 48     | 0    | 0    | -    | -    | -     | 0    | 0    | 
|alu         | PCIN>>17+A*B | 17     | 15     | -      | -      | 48     | 0    | 0    | -    | -    | -     | 0    | 0    | 
+------------+--------------+--------+--------+--------+--------+--------+------+------+------+------+-------+------+------+


Report BlackBoxes: 
+-+--------------+----------+
| |BlackBox name |Instances |
+-+--------------+----------+
+-+--------------+----------+

Report Cell Usage: 
+------+--------+------+
|      |Cell    |Count |
+------+--------+------+
|1     |BUFG    |     1|
|2     |CARRY4  |    30|
|3     |DSP48E1 |     3|
|4     |LUT1    |    75|
|5     |LUT2    |   144|
|6     |LUT3    |   103|
|7     |LUT4    |    80|
|8     |LUT5    |    90|
|9     |LUT6    |   312|
|10    |FDPE    |     4|
|11    |FDRE    |   332|
|12    |FDSE    |    10|
|13    |IBUF    |     8|
|14    |OBUF    |    44|
+------+--------+------+
---------------------------------------------------------------------------------
Finished Writing Synthesis Report : Time (s): cpu = 00:00:56 ; elapsed = 00:00:57 . Memory (MB): peak = 2782.969 ; gain = 1079.508 ; free physical = 20243 ; free virtual = 83375
---------------------------------------------------------------------------------
Synthesis finished with 0 errors, 0 critical warnings and 41 warnings.
Synthesis Optimization Runtime : Time (s): cpu = 00:00:55 ; elapsed = 00:00:55 . Memory (MB): peak = 2782.969 ; gain = 969.734 ; free physical = 20243 ; free virtual = 83375
Synthesis Optimization Complete : Time (s): cpu = 00:00:56 ; elapsed = 00:00:57 . Memory (MB): peak = 2782.977 ; gain = 1079.508 ; free physical = 20243 ; free virtual = 83375
INFO: [Project 1-571] Translating synthesized netlist
Netlist sorting complete. Time (s): cpu = 00:00:00.01 ; elapsed = 00:00:00 . Memory (MB): peak = 2782.977 ; gain = 0.000 ; free physical = 20239 ; free virtual = 83374
INFO: [Netlist 29-17] Analyzing 33 Unisim elements for replacement
INFO: [Netlist 29-28] Unisim Transformation completed in 0 CPU seconds
INFO: [Project 1-570] Preparing netlist for logic optimization
INFO: [Opt 31-138] Pushed 0 inverter(s) to 0 load pin(s).
Netlist sorting complete. Time (s): cpu = 00:00:00 ; elapsed = 00:00:00 . Memory (MB): peak = 2822.988 ; gain = 0.000 ; free physical = 20413 ; free virtual = 83549
INFO: [Project 1-111] Unisim Transformation Summary:
No Unisim elements were transformed.

Synth Design complete | Checksum: f75e4257
INFO: [Common 17-83] Releasing license: Synthesis
71 Infos, 93 Warnings, 0 Critical Warnings and 0 Errors encountered.
synth_design completed successfully
synth_design: Time (s): cpu = 00:01:04 ; elapsed = 00:01:03 . Memory (MB): peak = 2823.023 ; gain = 1211.898 ; free physical = 20420 ; free virtual = 83556
INFO: [Common 17-2834] synth_design peak Physical Memory [PSS] (MB): overall = 2053.393; main = 1923.986; forked = 280.466
INFO: [Common 17-2834] synth_design peak Virtual Memory [VSS] (MB): overall = 3672.953; main = 2822.992; forked = 995.793
Write ShapeDB Complete: Time (s): cpu = 00:00:00 ; elapsed = 00:00:00 . Memory (MB): peak = 2847.000 ; gain = 0.000 ; free physical = 20420 ; free virtual = 83556
INFO: [Common 17-1381] The checkpoint '/home/j31415/repos/VanishingTicTacToe/build/vivado/beta.runs/synth_1/alchitry_top.dcp' has been generated.
INFO: [Vivado 12-24828] Executing command : report_utilization -file alchitry_top_utilization_synth.rpt -pb alchitry_top_utilization_synth.pb
INFO: [Common 17-206] Exiting Vivado at Mon Apr 13 15:36:27 2026...
[Mon Apr 13 15:36:27 2026] synth_1 finished
wait_on_runs: Time (s): cpu = 00:01:19 ; elapsed = 00:01:10 . Memory (MB): peak = 1593.809 ; gain = 0.000 ; free physical = 22081 ; free virtual = 85212
# launch_runs impl_1 -to_step write_bitstream -jobs 6
[Mon Apr 13 15:36:27 2026] Launched impl_1...
Run output will be captured here: /home/j31415/repos/VanishingTicTacToe/build/vivado/beta.runs/impl_1/runme.log
# wait_on_run impl_1
[Mon Apr 13 15:36:27 2026] Waiting for impl_1 to finish...

*** Running vivado
    with args -log alchitry_top.vdi -applog -m64 -product Vivado -messageDb vivado.pb -mode batch -source alchitry_top.tcl -notrace


****** Vivado v2025.2 (64-bit)
  **** SW Build 6299465 on Fri Nov 14 12:34:56 MST 2025
  **** IP Build 6300035 on Fri Nov 14 10:48:45 MST 2025
  **** SharedData Build 6298862 on Thu Nov 13 04:50:51 MST 2025
  **** Start of session at: Mon Apr 13 15:36:30 2026
    ** Copyright 1986-2022 Xilinx, Inc. All Rights Reserved.
    ** Copyright 2022-2025 Advanced Micro Devices, Inc. All Rights Reserved.

source alchitry_top.tcl -notrace
Command: link_design -top alchitry_top -part xc7a35tftg256-1
Design is defaulting to srcset: sources_1
Design is defaulting to constrset: constrs_1
INFO: [Device 21-403] Loading part xc7a35tftg256-1
Netlist sorting complete. Time (s): cpu = 00:00:00.01 ; elapsed = 00:00:00.01 . Memory (MB): peak = 1729.332 ; gain = 0.000 ; free physical = 21385 ; free virtual = 84573
INFO: [Netlist 29-17] Analyzing 33 Unisim elements for replacement
INFO: [Netlist 29-28] Unisim Transformation completed in 0 CPU seconds
INFO: [Project 1-479] Netlist was created with Vivado 2025.2
INFO: [Project 1-570] Preparing netlist for logic optimization
Parsing XDC File [/home/j31415/repos/VanishingTicTacToe/build/constraint/alchitry.xdc]
INFO: [Timing 38-35] Done setting XDC timing constraints. [/home/j31415/repos/VanishingTicTacToe/build/constraint/alchitry.xdc:229]
Finished Parsing XDC File [/home/j31415/repos/VanishingTicTacToe/build/constraint/alchitry.xdc]
Parsing XDC File [/home/j31415/repos/VanishingTicTacToe/build/constraint/au_props.xdc]
Finished Parsing XDC File [/home/j31415/repos/VanishingTicTacToe/build/constraint/au_props.xdc]
INFO: [Opt 31-138] Pushed 0 inverter(s) to 0 load pin(s).
Netlist sorting complete. Time (s): cpu = 00:00:00 ; elapsed = 00:00:00 . Memory (MB): peak = 2349.727 ; gain = 0.000 ; free physical = 20765 ; free virtual = 84010
INFO: [Project 1-111] Unisim Transformation Summary:
No Unisim elements were transformed.

8 Infos, 0 Warnings, 0 Critical Warnings and 0 Errors encountered.
link_design completed successfully
link_design: Time (s): cpu = 00:00:08 ; elapsed = 00:00:08 . Memory (MB): peak = 2349.762 ; gain = 738.633 ; free physical = 20765 ; free virtual = 84010
Command: opt_design
Attempting to get a license for feature 'Implementation' and/or device 'xc7a35t'
INFO: [Common 17-349] Got license for feature 'Implementation' and/or device 'xc7a35t'
Running DRC as a precondition to command opt_design

Starting DRC Task
INFO: [DRC 23-27] Running DRC with 8 threads
INFO: [Project 1-461] DRC finished with 0 Errors
INFO: [Project 1-462] Please refer to the DRC report (report_drc) for more information.

Time (s): cpu = 00:00:01 ; elapsed = 00:00:00.45 . Memory (MB): peak = 2383.445 ; gain = 33.684 ; free physical = 20743 ; free virtual = 83989

Starting Cache Timing Information Task
INFO: [Timing 38-35] Done setting XDC timing constraints.
Ending Cache Timing Information Task | Checksum: 1da66ad82

Time (s): cpu = 00:00:00.1 ; elapsed = 00:00:00.05 . Memory (MB): peak = 2389.383 ; gain = 5.938 ; free physical = 20743 ; free virtual = 83989

Starting Logic Optimization Task

Phase 1 Initialization

Phase 1.1 Core Generation And Design Setup
Phase 1.1 Core Generation And Design Setup | Checksum: 1da66ad82

Time (s): cpu = 00:00:00 ; elapsed = 00:00:00.01 . Memory (MB): peak = 2757.195 ; gain = 0.000 ; free physical = 20300 ; free virtual = 83570

Phase 1.2 Setup Constraints And Sort Netlist
Phase 1.2 Setup Constraints And Sort Netlist | Checksum: 1da66ad82

Time (s): cpu = 00:00:00 ; elapsed = 00:00:00.01 . Memory (MB): peak = 2757.195 ; gain = 0.000 ; free physical = 20300 ; free virtual = 83570
Phase 1 Initialization | Checksum: 1da66ad82

Time (s): cpu = 00:00:00 ; elapsed = 00:00:00.01 . Memory (MB): peak = 2757.195 ; gain = 0.000 ; free physical = 20300 ; free virtual = 83570

Phase 2 Timer Update And Timing Data Collection

Phase 2.1 Detect if minReqCache needed
Phase 2.1 Detect if minReqCache needed | Checksum: 1da66ad82

Time (s): cpu = 00:00:00.01 ; elapsed = 00:00:00.02 . Memory (MB): peak = 2757.195 ; gain = 0.000 ; free physical = 20300 ; free virtual = 83570

Phase 2.2 Timer Update
Phase 2.2 Timer Update | Checksum: 1da66ad82

Time (s): cpu = 00:00:00.07 ; elapsed = 00:00:00.07 . Memory (MB): peak = 2757.195 ; gain = 0.000 ; free physical = 20299 ; free virtual = 83570

Phase 2.3 Timing Data Collection
Phase 2.3 Timing Data Collection | Checksum: 1da66ad82

Time (s): cpu = 00:00:00.07 ; elapsed = 00:00:00.07 . Memory (MB): peak = 2757.195 ; gain = 0.000 ; free physical = 20299 ; free virtual = 83570
Phase 2 Timer Update And Timing Data Collection | Checksum: 1da66ad82

Time (s): cpu = 00:00:00.08 ; elapsed = 00:00:00.08 . Memory (MB): peak = 2757.195 ; gain = 0.000 ; free physical = 20299 ; free virtual = 83570

Phase 3 Retarget
INFO: [Opt 31-1851] Number of loadless carry chains removed were: 0
INFO: [Opt 31-1834] Total Chains To Be Transformed Were: 0 AND Number of Transformed insts Created are: 0
INFO: [Opt 31-1566] Pulled 6 inverters resulting in an inversion of 20 pins
INFO: [Opt 31-138] Pushed 0 inverter(s) to 0 load pin(s).
INFO: [Opt 31-49] Retargeted 0 cell(s).
Phase 3 Retarget | Checksum: 1f0a60e85

Time (s): cpu = 00:00:00.15 ; elapsed = 00:00:00.13 . Memory (MB): peak = 2757.195 ; gain = 0.000 ; free physical = 20291 ; free virtual = 83570
Retarget | Checksum: 1f0a60e85
INFO: [Opt 31-389] Phase Retarget created 0 cells and removed 6 cells

Phase 4 Constant propagation
INFO: [Opt 31-138] Pushed 0 inverter(s) to 0 load pin(s).
Phase 4 Constant propagation | Checksum: 1e43b1f74

Time (s): cpu = 00:00:00.19 ; elapsed = 00:00:00.15 . Memory (MB): peak = 2757.195 ; gain = 0.000 ; free physical = 20290 ; free virtual = 83570
Constant propagation | Checksum: 1e43b1f74
INFO: [Opt 31-389] Phase Constant propagation created 0 cells and removed 0 cells

Phase 5 Sweep
INFO: [Constraints 18-11670] Building netlist checker database with flags, 0x8
Done building netlist checker database: Time (s): cpu = 00:00:00 ; elapsed = 00:00:00 . Memory (MB): peak = 2757.195 ; gain = 0.000 ; free physical = 20286 ; free virtual = 83567
Phase 5 Sweep | Checksum: 20f69899a

Time (s): cpu = 00:00:00.21 ; elapsed = 00:00:00.17 . Memory (MB): peak = 2757.195 ; gain = 0.000 ; free physical = 20286 ; free virtual = 83566
Sweep | Checksum: 20f69899a
INFO: [Opt 31-389] Phase Sweep created 0 cells and removed 0 cells

Phase 6 BUFG optimization
Phase 6 BUFG optimization | Checksum: 20f69899a

Time (s): cpu = 00:00:00.23 ; elapsed = 00:00:00.2 . Memory (MB): peak = 2789.211 ; gain = 32.016 ; free physical = 20276 ; free virtual = 83559
BUFG optimization | Checksum: 20f69899a
INFO: [Opt 31-662] Phase BUFG optimization created 0 cells of which 0 are BUFGs and removed 0 cells.

Phase 7 Shift Register Optimization
INFO: [Opt 31-1064] SRL Remap converted 0 SRLs to 0 registers and converted 0 registers of register chains to 0 SRLs
Phase 7 Shift Register Optimization | Checksum: 20f69899a

Time (s): cpu = 00:00:00.23 ; elapsed = 00:00:00.21 . Memory (MB): peak = 2789.211 ; gain = 32.016 ; free physical = 20232 ; free virtual = 83517
Shift Register Optimization | Checksum: 20f69899a
INFO: [Opt 31-389] Phase Shift Register Optimization created 0 cells and removed 0 cells

Phase 8 Post Processing Netlist
Phase 8 Post Processing Netlist | Checksum: 20f69899a

Time (s): cpu = 00:00:00.24 ; elapsed = 00:00:00.24 . Memory (MB): peak = 2789.211 ; gain = 32.016 ; free physical = 20224 ; free virtual = 83517
Post Processing Netlist | Checksum: 20f69899a
INFO: [Opt 31-389] Phase Post Processing Netlist created 0 cells and removed 0 cells

Phase 9 Finalization

Phase 9.1 Finalizing Design Cores and Updating Shapes
Phase 9.1 Finalizing Design Cores and Updating Shapes | Checksum: 106781d6c

Time (s): cpu = 00:00:00.26 ; elapsed = 00:00:00.32 . Memory (MB): peak = 2789.211 ; gain = 32.016 ; free physical = 20187 ; free virtual = 83496

Phase 9.2 Verifying Netlist Connectivity

Starting Connectivity Check Task

Time (s): cpu = 00:00:00 ; elapsed = 00:00:00.01 . Memory (MB): peak = 2789.211 ; gain = 0.000 ; free physical = 20186 ; free virtual = 83498
Phase 9.2 Verifying Netlist Connectivity | Checksum: 106781d6c

Time (s): cpu = 00:00:00.26 ; elapsed = 00:00:00.35 . Memory (MB): peak = 2789.211 ; gain = 32.016 ; free physical = 20182 ; free virtual = 83495
Phase 9 Finalization | Checksum: 106781d6c

Time (s): cpu = 00:00:00.26 ; elapsed = 00:00:00.35 . Memory (MB): peak = 2789.211 ; gain = 32.016 ; free physical = 20180 ; free virtual = 83493
Opt_design Change Summary
=========================


-------------------------------------------------------------------------------------------------------------------------
|  Phase                        |  #Cells created  |  #Cells Removed  |  #Constrained objects preventing optimizations  |
-------------------------------------------------------------------------------------------------------------------------
|  Retarget                     |               0  |               6  |                                              0  |
|  Constant propagation         |               0  |               0  |                                              0  |
|  Sweep                        |               0  |               0  |                                              0  |
|  BUFG optimization            |               0  |               0  |                                              0  |
|  Shift Register Optimization  |               0  |               0  |                                              0  |
|  Post Processing Netlist      |               0  |               0  |                                              0  |
-------------------------------------------------------------------------------------------------------------------------


Ending Logic Optimization Task | Checksum: 106781d6c

Time (s): cpu = 00:00:00.27 ; elapsed = 00:00:00.36 . Memory (MB): peak = 2789.211 ; gain = 32.016 ; free physical = 20176 ; free virtual = 83491

Starting Power Optimization Task
INFO: [Pwropt 34-132] Skipping clock gating for clocks with a period < 2.00 ns.
Ending Power Optimization Task | Checksum: 106781d6c

Time (s): cpu = 00:00:00.01 ; elapsed = 00:00:00.01 . Memory (MB): peak = 2789.211 ; gain = 0.000 ; free physical = 20067 ; free virtual = 83486

Starting Final Cleanup Task
Ending Final Cleanup Task | Checksum: 106781d6c

Time (s): cpu = 00:00:00 ; elapsed = 00:00:00 . Memory (MB): peak = 2789.211 ; gain = 0.000 ; free physical = 20060 ; free virtual = 83476
Netlist sorting complete. Time (s): cpu = 00:00:00 ; elapsed = 00:00:00 . Memory (MB): peak = 2789.211 ; gain = 0.000 ; free physical = 20060 ; free virtual = 83476
INFO: [Common 17-83] Releasing license: Implementation
29 Infos, 0 Warnings, 0 Critical Warnings and 0 Errors encountered.
opt_design completed successfully
INFO: [Vivado 12-24828] Executing command : report_drc -file alchitry_top_drc_opted.rpt -pb alchitry_top_drc_opted.pb -rpx alchitry_top_drc_opted.rpx
Command: report_drc -file alchitry_top_drc_opted.rpt -pb alchitry_top_drc_opted.pb -rpx alchitry_top_drc_opted.rpx
INFO: [IP_Flow 19-234] Refreshing IP repositories
INFO: [IP_Flow 19-1704] No user IP repositories specified
INFO: [IP_Flow 19-2313] Loaded Vivado IP repository '/home/j31415/vivado/2025.2/data/ip'.
INFO: [DRC 23-27] Running DRC with 8 threads
INFO: [Vivado_Tcl 2-168] The results of DRC are in file /home/j31415/repos/VanishingTicTacToe/build/vivado/beta.runs/impl_1/alchitry_top_drc_opted.rpt.
report_drc completed successfully
INFO: [Timing 38-480] Writing timing data to binary archive.
Wrote PlaceDB: Time (s): cpu = 00:00:00 ; elapsed = 00:00:00 . Memory (MB): peak = 2789.211 ; gain = 0.000 ; free physical = 20028 ; free virtual = 83382
Wrote PulsedLatchDB: Time (s): cpu = 00:00:00 ; elapsed = 00:00:00 . Memory (MB): peak = 2789.211 ; gain = 0.000 ; free physical = 20028 ; free virtual = 83382
Writing XDEF routing.
Write ShapeDB Complete: Time (s): cpu = 00:00:00.01 ; elapsed = 00:00:00.01 . Memory (MB): peak = 2789.211 ; gain = 0.000 ; free physical = 20028 ; free virtual = 83382
Writing XDEF routing logical nets.
Writing XDEF routing special nets.
Wrote RouteStorage: Time (s): cpu = 00:00:00.04 ; elapsed = 00:00:00.01 . Memory (MB): peak = 2789.211 ; gain = 0.000 ; free physical = 20028 ; free virtual = 83382
Wrote PlaceStorage: Time (s): cpu = 00:00:00.01 ; elapsed = 00:00:00 . Memory (MB): peak = 2789.211 ; gain = 0.000 ; free physical = 20028 ; free virtual = 83382
Wrote Netlist Cache: Time (s): cpu = 00:00:00 ; elapsed = 00:00:00 . Memory (MB): peak = 2789.211 ; gain = 0.000 ; free physical = 20028 ; free virtual = 83382
Wrote Device Cache: Time (s): cpu = 00:00:00.01 ; elapsed = 00:00:00 . Memory (MB): peak = 2789.211 ; gain = 0.000 ; free physical = 20028 ; free virtual = 83382
Write Physdb Complete: Time (s): cpu = 00:00:00.08 ; elapsed = 00:00:00.02 . Memory (MB): peak = 2789.211 ; gain = 0.000 ; free physical = 20028 ; free virtual = 83382
INFO: [Common 17-1381] The checkpoint '/home/j31415/repos/VanishingTicTacToe/build/vivado/beta.runs/impl_1/alchitry_top_opt.dcp' has been generated.
Command: place_design
Attempting to get a license for feature 'Implementation' and/or device 'xc7a35t'
INFO: [Common 17-349] Got license for feature 'Implementation' and/or device 'xc7a35t'
INFO: [Common 17-83] Releasing license: Implementation
INFO: [DRC 23-27] Running DRC with 8 threads
INFO: [Vivado_Tcl 4-198] DRC finished with 0 Errors
INFO: [Vivado_Tcl 4-199] Please refer to the DRC report (report_drc) for more information.
INFO: [Timing 38-35] Done setting XDC timing constraints.
Running DRC as a precondition to command place_design
INFO: [DRC 23-27] Running DRC with 8 threads
INFO: [Vivado_Tcl 4-198] DRC finished with 0 Errors
INFO: [Vivado_Tcl 4-199] Please refer to the DRC report (report_drc) for more information.
INFO: [Place 30-611] Multithreading enabled for place_design using a maximum of 6 CPUs

Starting Placer Task

Phase 1 Placer Initialization

Phase 1.1 Placer Initialization Netlist Sorting
Netlist sorting complete. Time (s): cpu = 00:00:00 ; elapsed = 00:00:00 . Memory (MB): peak = 2789.211 ; gain = 0.000 ; free physical = 20033 ; free virtual = 83363
Phase 1.1 Placer Initialization Netlist Sorting | Checksum: b375c29b

Time (s): cpu = 00:00:00 ; elapsed = 00:00:00.01 . Memory (MB): peak = 2789.211 ; gain = 0.000 ; free physical = 20033 ; free virtual = 83363
Netlist sorting complete. Time (s): cpu = 00:00:00 ; elapsed = 00:00:00 . Memory (MB): peak = 2789.211 ; gain = 0.000 ; free physical = 20033 ; free virtual = 83363

Phase 1.2 IO Placement/ Clock Placement/ Build Placer Device
Phase 1.2 IO Placement/ Clock Placement/ Build Placer Device | Checksum: 1abe508aa

Time (s): cpu = 00:00:00.41 ; elapsed = 00:00:00.24 . Memory (MB): peak = 2789.211 ; gain = 0.000 ; free physical = 20014 ; free virtual = 83383

Phase 1.3 Build Placer Netlist Model
Phase 1.3 Build Placer Netlist Model | Checksum: 21b13479b

Time (s): cpu = 00:00:01 ; elapsed = 00:00:00.56 . Memory (MB): peak = 2810.238 ; gain = 21.027 ; free physical = 20010 ; free virtual = 83376

Phase 1.4 Constrain Clocks/Macros
Phase 1.4 Constrain Clocks/Macros | Checksum: 21b13479b

Time (s): cpu = 00:00:01 ; elapsed = 00:00:00.57 . Memory (MB): peak = 2810.238 ; gain = 21.027 ; free physical = 20010 ; free virtual = 83376
Phase 1 Placer Initialization | Checksum: 21b13479b

Time (s): cpu = 00:00:01 ; elapsed = 00:00:00.58 . Memory (MB): peak = 2810.238 ; gain = 21.027 ; free physical = 20010 ; free virtual = 83376

Phase 2 Global Placement

Phase 2.1 Floorplanning
Phase 2.1 Floorplanning | Checksum: 2043caecc

Time (s): cpu = 00:00:02 ; elapsed = 00:00:00.72 . Memory (MB): peak = 2810.238 ; gain = 21.027 ; free physical = 20008 ; free virtual = 83376

Phase 2.2 Update Timing before SLR Path Opt
Phase 2.2 Update Timing before SLR Path Opt | Checksum: 273df770f

Time (s): cpu = 00:00:02 ; elapsed = 00:00:00.81 . Memory (MB): peak = 2810.238 ; gain = 21.027 ; free physical = 20008 ; free virtual = 83376

Phase 2.3 Post-Processing in Floorplanning
Phase 2.3 Post-Processing in Floorplanning | Checksum: 273df770f

Time (s): cpu = 00:00:02 ; elapsed = 00:00:00.81 . Memory (MB): peak = 2810.238 ; gain = 21.027 ; free physical = 20008 ; free virtual = 83376

Phase 2.4 Global Place Phase1
Phase 2.4 Global Place Phase1 | Checksum: 1dcdd1460

Time (s): cpu = 00:00:10 ; elapsed = 00:00:03 . Memory (MB): peak = 2818.242 ; gain = 29.031 ; free physical = 20079 ; free virtual = 83438

Phase 2.5 Global Place Phase2

Phase 2.5.1 UpdateTiming Before Physical Synthesis
Phase 2.5.1 UpdateTiming Before Physical Synthesis | Checksum: 1dcdd1460

Time (s): cpu = 00:00:10 ; elapsed = 00:00:03 . Memory (MB): peak = 2818.242 ; gain = 29.031 ; free physical = 20079 ; free virtual = 83438

Phase 2.5.2 Physical Synthesis In Placer
INFO: [Physopt 32-1035] Found 0 LUTNM shape to break, 25 LUT instances to create LUTNM shape
INFO: [Physopt 32-1044] Break lutnm for timing: one critical 0, two critical 0, total 0, new lutff created 0
INFO: [Physopt 32-1138] End 1 Pass. Optimized 11 nets or LUTs. Breaked 0 LUT, combined 11 existing LUTs and moved 0 existing LUT
INFO: [Physopt 32-65] No nets found for high-fanout optimization.
INFO: [Physopt 32-232] Optimized 0 net. Created 0 new instance.
INFO: [Physopt 32-775] End 1 Pass. Optimized 0 net or cell. Created 0 new cell, deleted 0 existing cell and moved 0 existing cell
INFO: [Physopt 32-670] No setup violation found.  DSP Register Optimization was not performed.
INFO: [Physopt 32-670] No setup violation found.  Shift Register to Pipeline Optimization was not performed.
INFO: [Physopt 32-670] No setup violation found.  Shift Register Optimization was not performed.
INFO: [Physopt 32-670] No setup violation found.  BRAM Register Optimization was not performed.
INFO: [Physopt 32-670] No setup violation found.  URAM Register Optimization was not performed.
INFO: [Physopt 32-949] No candidate nets found for dynamic/static region interface net replication
INFO: [Physopt 32-775] End 1 Pass. Optimized 0 net or cell. Created 0 new cell, deleted 0 existing cell and moved 0 existing cell
Netlist sorting complete. Time (s): cpu = 00:00:00 ; elapsed = 00:00:00 . Memory (MB): peak = 2818.242 ; gain = 0.000 ; free physical = 20080 ; free virtual = 83441

Summary of Physical Synthesis Optimizations
============================================


-----------------------------------------------------------------------------------------------------------------------------------------------------------
|  Optimization                                     |  Added Cells  |  Removed Cells  |  Optimized Cells/Nets  |  Dont Touch  |  Iterations  |  Elapsed   |
-----------------------------------------------------------------------------------------------------------------------------------------------------------
|  LUT Combining                                    |            0  |             11  |                    11  |           0  |           1  |  00:00:00  |
|  Retime                                           |            0  |              0  |                     0  |           0  |           1  |  00:00:00  |
|  Very High Fanout                                 |            0  |              0  |                     0  |           0  |           1  |  00:00:00  |
|  DSP Register                                     |            0  |              0  |                     0  |           0  |           0  |  00:00:00  |
|  Shift Register to Pipeline                       |            0  |              0  |                     0  |           0  |           0  |  00:00:00  |
|  Shift Register                                   |            0  |              0  |                     0  |           0  |           0  |  00:00:00  |
|  BRAM Register                                    |            0  |              0  |                     0  |           0  |           0  |  00:00:00  |
|  URAM Register                                    |            0  |              0  |                     0  |           0  |           0  |  00:00:00  |
|  Dynamic/Static Region Interface Net Replication  |            0  |              0  |                     0  |           0  |           1  |  00:00:00  |
|  Total                                            |            0  |             11  |                    11  |           0  |           4  |  00:00:00  |
-----------------------------------------------------------------------------------------------------------------------------------------------------------


Phase 2.5.2 Physical Synthesis In Placer | Checksum: 18720e9a0

Time (s): cpu = 00:00:11 ; elapsed = 00:00:04 . Memory (MB): peak = 2818.242 ; gain = 29.031 ; free physical = 20102 ; free virtual = 83441
Phase 2.5 Global Place Phase2 | Checksum: 1d237a3d4

Time (s): cpu = 00:00:11 ; elapsed = 00:00:04 . Memory (MB): peak = 2818.242 ; gain = 29.031 ; free physical = 20113 ; free virtual = 83453
Phase 2 Global Placement | Checksum: 1d237a3d4

Time (s): cpu = 00:00:11 ; elapsed = 00:00:04 . Memory (MB): peak = 2818.242 ; gain = 29.031 ; free physical = 20113 ; free virtual = 83453

Phase 3 Detail Placement

Phase 3.1 Commit Multi Column Macros
Phase 3.1 Commit Multi Column Macros | Checksum: 1add7ea29

Time (s): cpu = 00:00:11 ; elapsed = 00:00:04 . Memory (MB): peak = 2818.242 ; gain = 29.031 ; free physical = 20112 ; free virtual = 83452

Phase 3.2 Commit Most Macros & LUTRAMs
Phase 3.2 Commit Most Macros & LUTRAMs | Checksum: 19ef83bc6

Time (s): cpu = 00:00:12 ; elapsed = 00:00:04 . Memory (MB): peak = 2818.242 ; gain = 29.031 ; free physical = 20118 ; free virtual = 83458

Phase 3.3 Area Swap Optimization
Phase 3.3 Area Swap Optimization | Checksum: e6ec4e97

Time (s): cpu = 00:00:12 ; elapsed = 00:00:04 . Memory (MB): peak = 2818.242 ; gain = 29.031 ; free physical = 20118 ; free virtual = 83458

Phase 3.4 Pipeline Register Optimization
Phase 3.4 Pipeline Register Optimization | Checksum: 1b8a40e79

Time (s): cpu = 00:00:12 ; elapsed = 00:00:04 . Memory (MB): peak = 2818.242 ; gain = 29.031 ; free physical = 20118 ; free virtual = 83458

Phase 3.5 Small Shape Detail Placement
Phase 3.5 Small Shape Detail Placement | Checksum: 147b08bb3

Time (s): cpu = 00:00:13 ; elapsed = 00:00:04 . Memory (MB): peak = 2818.242 ; gain = 29.031 ; free physical = 20121 ; free virtual = 83460

Phase 3.6 Re-assign LUT pins
Phase 3.6 Re-assign LUT pins | Checksum: 1d96b0cfd

Time (s): cpu = 00:00:13 ; elapsed = 00:00:05 . Memory (MB): peak = 2818.242 ; gain = 29.031 ; free physical = 20114 ; free virtual = 83463

Phase 3.7 Pipeline Register Optimization
Phase 3.7 Pipeline Register Optimization | Checksum: 1d41a7d5e

Time (s): cpu = 00:00:13 ; elapsed = 00:00:05 . Memory (MB): peak = 2818.242 ; gain = 29.031 ; free physical = 20114 ; free virtual = 83463
Phase 3 Detail Placement | Checksum: 1d41a7d5e

Time (s): cpu = 00:00:13 ; elapsed = 00:00:05 . Memory (MB): peak = 2818.242 ; gain = 29.031 ; free physical = 20114 ; free virtual = 83463

Phase 4 Post Placement Optimization and Clean-Up

Phase 4.1 Post Commit Optimization
INFO: [Timing 38-35] Done setting XDC timing constraints.

Phase 4.1.1 Post Placement Optimization
Post Placement Optimization Initialization | Checksum: 2da41cbb3

Phase 4.1.1.1 BUFG Insertion

Starting Physical Synthesis Task

Phase 1 Physical Synthesis Initialization
INFO: [Physopt 32-721] Multithreading enabled for phys_opt_design using a maximum of 6 CPUs
INFO: [Physopt 32-619] Estimated Timing Summary | WNS=82.173 | TNS=0.000 |
Phase 1 Physical Synthesis Initialization | Checksum: 19e0dd672

Time (s): cpu = 00:00:00.06 ; elapsed = 00:00:00.02 . Memory (MB): peak = 2818.242 ; gain = 0.000 ; free physical = 20125 ; free virtual = 83463
INFO: [Place 46-56] BUFG insertion identified 0 candidate nets. Inserted BUFG: 0, Replicated BUFG Driver: 0, Skipped due to Placement/Routing Conflicts: 0, Skipped due to Timing Degradation: 0, Skipped due to netlist editing failed: 0.
Ending Physical Synthesis Task | Checksum: 2c2900570

Time (s): cpu = 00:00:00.06 ; elapsed = 00:00:00.03 . Memory (MB): peak = 2818.242 ; gain = 0.000 ; free physical = 20124 ; free virtual = 83463
Phase 4.1.1.1 BUFG Insertion | Checksum: 2da41cbb3

Time (s): cpu = 00:00:13 ; elapsed = 00:00:05 . Memory (MB): peak = 2818.242 ; gain = 29.031 ; free physical = 20124 ; free virtual = 83463

Phase 4.1.1.2 Post Placement Timing Optimization
INFO: [Place 30-746] Post Placement Timing Summary WNS=82.173. For the most accurate timing information please run report_timing.
Phase 4.1.1.2 Post Placement Timing Optimization | Checksum: 33fa27378

Time (s): cpu = 00:00:13 ; elapsed = 00:00:05 . Memory (MB): peak = 2818.242 ; gain = 29.031 ; free physical = 20124 ; free virtual = 83463

Time (s): cpu = 00:00:13 ; elapsed = 00:00:05 . Memory (MB): peak = 2818.242 ; gain = 29.031 ; free physical = 20124 ; free virtual = 83463
Phase 4.1 Post Commit Optimization | Checksum: 33fa27378

Time (s): cpu = 00:00:13 ; elapsed = 00:00:05 . Memory (MB): peak = 2818.242 ; gain = 29.031 ; free physical = 20124 ; free virtual = 83463

Phase 4.2 Post Placement Cleanup
Phase 4.2 Post Placement Cleanup | Checksum: 33fa27378

Time (s): cpu = 00:00:13 ; elapsed = 00:00:05 . Memory (MB): peak = 2818.242 ; gain = 29.031 ; free physical = 20124 ; free virtual = 83463

Phase 4.3 Placer Reporting

Phase 4.3.1 Print Estimated Congestion
INFO: [Place 30-612] Post-Placement Estimated Congestion 
 ____________________________________________________
|           | Global Congestion | Short Congestion  |
| Direction | Region Size       | Region Size       |
|___________|___________________|___________________|
|      North|                1x1|                1x1|
|___________|___________________|___________________|
|      South|                1x1|                1x1|
|___________|___________________|___________________|
|       East|                1x1|                1x1|
|___________|___________________|___________________|
|       West|                1x1|                1x1|
|___________|___________________|___________________|

Phase 4.3.1 Print Estimated Congestion | Checksum: 33fa27378

Time (s): cpu = 00:00:13 ; elapsed = 00:00:05 . Memory (MB): peak = 2818.242 ; gain = 29.031 ; free physical = 20131 ; free virtual = 83463
Phase 4.3 Placer Reporting | Checksum: 33fa27378

Time (s): cpu = 00:00:13 ; elapsed = 00:00:05 . Memory (MB): peak = 2818.242 ; gain = 29.031 ; free physical = 20131 ; free virtual = 83463

Phase 4.4 Final Placement Cleanup
Netlist sorting complete. Time (s): cpu = 00:00:00 ; elapsed = 00:00:00.01 . Memory (MB): peak = 2818.242 ; gain = 0.000 ; free physical = 20131 ; free virtual = 83463

Time (s): cpu = 00:00:13 ; elapsed = 00:00:05 . Memory (MB): peak = 2818.242 ; gain = 29.031 ; free physical = 20131 ; free virtual = 83463
Phase 4 Post Placement Optimization and Clean-Up | Checksum: 2f321fa8d

Time (s): cpu = 00:00:13 ; elapsed = 00:00:05 . Memory (MB): peak = 2818.242 ; gain = 29.031 ; free physical = 20131 ; free virtual = 83463
Ending Placer Task | Checksum: 2230d31b4

Time (s): cpu = 00:00:13 ; elapsed = 00:00:05 . Memory (MB): peak = 2818.242 ; gain = 29.031 ; free physical = 20131 ; free virtual = 83463
66 Infos, 0 Warnings, 0 Critical Warnings and 0 Errors encountered.
place_design completed successfully
place_design: Time (s): cpu = 00:00:15 ; elapsed = 00:00:05 . Memory (MB): peak = 2818.242 ; gain = 29.031 ; free physical = 20131 ; free virtual = 83463
INFO: [Vivado 12-24838] Running report commands "report_control_sets, report_io, report_utilization" in parallel.
Running report generation with 3 threads.
INFO: [Vivado 12-24828] Executing command : report_control_sets -verbose -file alchitry_top_control_sets_placed.rpt
report_control_sets: Time (s): cpu = 00:00:00.06 ; elapsed = 00:00:00.06 . Memory (MB): peak = 2818.242 ; gain = 0.000 ; free physical = 20124 ; free virtual = 83456
INFO: [Vivado 12-24828] Executing command : report_utilization -file alchitry_top_utilization_placed.rpt -pb alchitry_top_utilization_placed.pb
INFO: [Vivado 12-24828] Executing command : report_io -file alchitry_top_io_placed.rpt
report_io: Time (s): cpu = 00:00:00.14 ; elapsed = 00:00:00.16 . Memory (MB): peak = 2818.242 ; gain = 0.000 ; free physical = 20126 ; free virtual = 83458
INFO: [Timing 38-480] Writing timing data to binary archive.
Wrote PlaceDB: Time (s): cpu = 00:00:00 ; elapsed = 00:00:00 . Memory (MB): peak = 2818.242 ; gain = 0.000 ; free physical = 20126 ; free virtual = 83458
Wrote PulsedLatchDB: Time (s): cpu = 00:00:00 ; elapsed = 00:00:00 . Memory (MB): peak = 2818.242 ; gain = 0.000 ; free physical = 20126 ; free virtual = 83458
Writing XDEF routing.
Write ShapeDB Complete: Time (s): cpu = 00:00:00.01 ; elapsed = 00:00:00 . Memory (MB): peak = 2818.242 ; gain = 0.000 ; free physical = 20126 ; free virtual = 83458
Writing XDEF routing logical nets.
Writing XDEF routing special nets.
Wrote RouteStorage: Time (s): cpu = 00:00:00.05 ; elapsed = 00:00:00.02 . Memory (MB): peak = 2818.242 ; gain = 0.000 ; free physical = 20126 ; free virtual = 83458
Wrote PlaceStorage: Time (s): cpu = 00:00:00.09 ; elapsed = 00:00:00.04 . Memory (MB): peak = 2818.242 ; gain = 0.000 ; free physical = 20125 ; free virtual = 83458
Wrote Netlist Cache: Time (s): cpu = 00:00:00 ; elapsed = 00:00:00 . Memory (MB): peak = 2818.242 ; gain = 0.000 ; free physical = 20125 ; free virtual = 83458
Wrote Device Cache: Time (s): cpu = 00:00:00.01 ; elapsed = 00:00:00 . Memory (MB): peak = 2818.242 ; gain = 0.000 ; free physical = 20124 ; free virtual = 83458
Write Physdb Complete: Time (s): cpu = 00:00:00.16 ; elapsed = 00:00:00.06 . Memory (MB): peak = 2818.242 ; gain = 0.000 ; free physical = 20124 ; free virtual = 83458
INFO: [Common 17-1381] The checkpoint '/home/j31415/repos/VanishingTicTacToe/build/vivado/beta.runs/impl_1/alchitry_top_placed.dcp' has been generated.
Command: phys_opt_design
Attempting to get a license for feature 'Implementation' and/or device 'xc7a35t'
INFO: [Common 17-349] Got license for feature 'Implementation' and/or device 'xc7a35t'

Starting Initial Update Timing Task

Time (s): cpu = 00:00:00.31 ; elapsed = 00:00:00.13 . Memory (MB): peak = 2818.242 ; gain = 0.000 ; free physical = 20123 ; free virtual = 83456
INFO: [Vivado_Tcl 4-2279] Estimated Timing Summary | WNS= 82.173 | TNS= 0.000 | 
INFO: [Vivado_Tcl 4-383] Design worst setup slack (WNS) is greater than or equal to 0.000 ns. All physical synthesis setup optimizations will be skipped.
INFO: [Vivado_Tcl 4-232] No setup violation found. The netlist was not modified.
INFO: [Common 17-83] Releasing license: Implementation
77 Infos, 0 Warnings, 0 Critical Warnings and 0 Errors encountered.
phys_opt_design completed successfully
INFO: [Timing 38-480] Writing timing data to binary archive.
Wrote PlaceDB: Time (s): cpu = 00:00:00 ; elapsed = 00:00:00 . Memory (MB): peak = 2818.242 ; gain = 0.000 ; free physical = 20123 ; free virtual = 83456
Wrote PulsedLatchDB: Time (s): cpu = 00:00:00 ; elapsed = 00:00:00 . Memory (MB): peak = 2818.242 ; gain = 0.000 ; free physical = 20123 ; free virtual = 83456
Writing XDEF routing.
Write ShapeDB Complete: Time (s): cpu = 00:00:00.01 ; elapsed = 00:00:00.01 . Memory (MB): peak = 2818.242 ; gain = 0.000 ; free physical = 20123 ; free virtual = 83456
Writing XDEF routing logical nets.
Writing XDEF routing special nets.
Wrote RouteStorage: Time (s): cpu = 00:00:00.05 ; elapsed = 00:00:00.02 . Memory (MB): peak = 2818.242 ; gain = 0.000 ; free physical = 20123 ; free virtual = 83456
Wrote PlaceStorage: Time (s): cpu = 00:00:00.11 ; elapsed = 00:00:00.04 . Memory (MB): peak = 2818.242 ; gain = 0.000 ; free physical = 20123 ; free virtual = 83457
Wrote Netlist Cache: Time (s): cpu = 00:00:00 ; elapsed = 00:00:00 . Memory (MB): peak = 2818.242 ; gain = 0.000 ; free physical = 20123 ; free virtual = 83457
Wrote Device Cache: Time (s): cpu = 00:00:00.01 ; elapsed = 00:00:00 . Memory (MB): peak = 2818.242 ; gain = 0.000 ; free physical = 20123 ; free virtual = 83457
Write Physdb Complete: Time (s): cpu = 00:00:00.17 ; elapsed = 00:00:00.07 . Memory (MB): peak = 2818.242 ; gain = 0.000 ; free physical = 20123 ; free virtual = 83457
INFO: [Common 17-1381] The checkpoint '/home/j31415/repos/VanishingTicTacToe/build/vivado/beta.runs/impl_1/alchitry_top_physopt.dcp' has been generated.
Command: route_design
Attempting to get a license for feature 'Implementation' and/or device 'xc7a35t'
INFO: [Common 17-349] Got license for feature 'Implementation' and/or device 'xc7a35t'


Starting Routing Task
INFO: [Route 35-254] Multithreading enabled for route_design using a maximum of 6 CPUs

Phase 1 Build RT Design
Checksum: PlaceDB: eeb4f3bb ConstDB: 0 ShapeSum: 93d6e1a2 RouteDB: a0815c57
Post Restoration Checksum: NetGraph: c9343987 | NumContArr: d4604883 | Constraints: c2a8fa9d | Timing: c2a8fa9d
Phase 1 Build RT Design | Checksum: 322e67744

Time (s): cpu = 00:00:17 ; elapsed = 00:00:15 . Memory (MB): peak = 2818.242 ; gain = 0.000 ; free physical = 20250 ; free virtual = 83538

Phase 2 Router Initialization

Phase 2.1 Fix Topology Constraints
Phase 2.1 Fix Topology Constraints | Checksum: 322e67744

Time (s): cpu = 00:00:17 ; elapsed = 00:00:15 . Memory (MB): peak = 2818.242 ; gain = 0.000 ; free physical = 20250 ; free virtual = 83539

Phase 2.2 Pre Route Cleanup
Phase 2.2 Pre Route Cleanup | Checksum: 322e67744

Time (s): cpu = 00:00:17 ; elapsed = 00:00:15 . Memory (MB): peak = 2818.242 ; gain = 0.000 ; free physical = 20250 ; free virtual = 83538
 Number of Nodes with overlaps = 0

Phase 2.3 Update Timing
Phase 2.3 Update Timing | Checksum: 22e3ca81f

Time (s): cpu = 00:00:18 ; elapsed = 00:00:16 . Memory (MB): peak = 2818.242 ; gain = 0.000 ; free physical = 20249 ; free virtual = 83538
INFO: [Route 35-416] Intermediate Timing Summary | WNS=82.337 | TNS=0.000  | WHS=-0.143 | THS=-3.997 |


Phase 2.4 Soft Constraint Pins - Fast Budgeting
Phase 2.4 Soft Constraint Pins - Fast Budgeting | Checksum: 251d84ec0

Time (s): cpu = 00:00:18 ; elapsed = 00:00:16 . Memory (MB): peak = 2818.242 ; gain = 0.000 ; free physical = 20249 ; free virtual = 83538

Router Utilization Summary
  Global Vertical Routing Utilization    = 0 %
  Global Horizontal Routing Utilization  = 0 %
  Routable Net Status*
  *Does not include unroutable nets such as driverless and loadless.
  Run report_route_status for detailed report.
  Number of Failed Nets               = 1124
    (Failed Nets is the sum of unrouted and partially routed nets)
  Number of Unrouted Nets             = 1124
  Number of Partially Routed Nets     = 0
  Number of Node Overlaps             = 0

Phase 2 Router Initialization | Checksum: 2240d3482

Time (s): cpu = 00:00:19 ; elapsed = 00:00:16 . Memory (MB): peak = 2818.242 ; gain = 0.000 ; free physical = 20248 ; free virtual = 83538

Phase 3 Global Routing
Phase 3 Global Routing | Checksum: 2240d3482

Time (s): cpu = 00:00:19 ; elapsed = 00:00:16 . Memory (MB): peak = 2818.242 ; gain = 0.000 ; free physical = 20248 ; free virtual = 83538

Phase 4 Initial Routing

Phase 4.1 Initial Net Routing Pass
Phase 4.1 Initial Net Routing Pass | Checksum: 27cbfafdd

Time (s): cpu = 00:00:19 ; elapsed = 00:00:16 . Memory (MB): peak = 2818.242 ; gain = 0.000 ; free physical = 20249 ; free virtual = 83538
Phase 4 Initial Routing | Checksum: 27cbfafdd

Time (s): cpu = 00:00:19 ; elapsed = 00:00:16 . Memory (MB): peak = 2818.242 ; gain = 0.000 ; free physical = 20249 ; free virtual = 83539

Phase 5 Rip-up And Reroute

Phase 5.1 Global Iteration 0
 Number of Nodes with overlaps = 96
 Number of Nodes with overlaps = 0
INFO: [Route 35-416] Intermediate Timing Summary | WNS=78.620 | TNS=0.000  | WHS=N/A    | THS=N/A    |

Phase 5.1 Global Iteration 0 | Checksum: 213e70b31

Time (s): cpu = 00:00:19 ; elapsed = 00:00:16 . Memory (MB): peak = 2818.242 ; gain = 0.000 ; free physical = 20249 ; free virtual = 83538
Phase 5 Rip-up And Reroute | Checksum: 213e70b31

Time (s): cpu = 00:00:19 ; elapsed = 00:00:16 . Memory (MB): peak = 2818.242 ; gain = 0.000 ; free physical = 20249 ; free virtual = 83538

Phase 6 Delay and Skew Optimization

Phase 6.1 Delay CleanUp

Phase 6.1.1 Update Timing
Phase 6.1.1 Update Timing | Checksum: 213e70b31

Time (s): cpu = 00:00:19 ; elapsed = 00:00:16 . Memory (MB): peak = 2818.242 ; gain = 0.000 ; free physical = 20249 ; free virtual = 83538
INFO: [Route 35-416] Intermediate Timing Summary | WNS=78.524 | TNS=0.000  | WHS=N/A    | THS=N/A    |

Phase 6.1 Delay CleanUp | Checksum: 213e70b31

Time (s): cpu = 00:00:19 ; elapsed = 00:00:16 . Memory (MB): peak = 2818.242 ; gain = 0.000 ; free physical = 20249 ; free virtual = 83538

Phase 6.2 Clock Skew Optimization
Phase 6.2 Clock Skew Optimization | Checksum: 213e70b31

Time (s): cpu = 00:00:19 ; elapsed = 00:00:16 . Memory (MB): peak = 2818.242 ; gain = 0.000 ; free physical = 20249 ; free virtual = 83538
Phase 6 Delay and Skew Optimization | Checksum: 213e70b31

Time (s): cpu = 00:00:19 ; elapsed = 00:00:16 . Memory (MB): peak = 2818.242 ; gain = 0.000 ; free physical = 20249 ; free virtual = 83538

Phase 7 Post Hold Fix

Phase 7.1 Hold Fix Iter
INFO: [Route 35-416] Intermediate Timing Summary | WNS=78.524 | TNS=0.000  | WHS=0.096  | THS=0.000  |

Phase 7.1 Hold Fix Iter | Checksum: 203d98bf1

Time (s): cpu = 00:00:19 ; elapsed = 00:00:16 . Memory (MB): peak = 2818.242 ; gain = 0.000 ; free physical = 20249 ; free virtual = 83538
Phase 7 Post Hold Fix | Checksum: 203d98bf1

Time (s): cpu = 00:00:19 ; elapsed = 00:00:16 . Memory (MB): peak = 2818.242 ; gain = 0.000 ; free physical = 20249 ; free virtual = 83538

Phase 8 Route finalize

Router Utilization Summary
  Global Vertical Routing Utilization    = 0.269632 %
  Global Horizontal Routing Utilization  = 0.293467 %
  Routable Net Status*
  *Does not include unroutable nets such as driverless and loadless.
  Run report_route_status for detailed report.
  Number of Failed Nets               = 0
    (Failed Nets is the sum of unrouted and partially routed nets)
  Number of Unrouted Nets             = 0
  Number of Partially Routed Nets     = 0
  Number of Node Overlaps             = 0

Phase 8 Route finalize | Checksum: 203d98bf1

Time (s): cpu = 00:00:19 ; elapsed = 00:00:16 . Memory (MB): peak = 2818.242 ; gain = 0.000 ; free physical = 20249 ; free virtual = 83538

Phase 9 Verifying routed nets

 Verification completed successfully
Phase 9 Verifying routed nets | Checksum: 203d98bf1

Time (s): cpu = 00:00:19 ; elapsed = 00:00:16 . Memory (MB): peak = 2818.242 ; gain = 0.000 ; free physical = 20249 ; free virtual = 83538

Phase 10 Depositing Routes
Phase 10 Depositing Routes | Checksum: 1e1989605

Time (s): cpu = 00:00:20 ; elapsed = 00:00:17 . Memory (MB): peak = 2818.242 ; gain = 0.000 ; free physical = 20249 ; free virtual = 83538

Phase 11 Post Process Routing
Phase 11 Post Process Routing | Checksum: 1e1989605

Time (s): cpu = 00:00:20 ; elapsed = 00:00:17 . Memory (MB): peak = 2818.242 ; gain = 0.000 ; free physical = 20249 ; free virtual = 83538

Phase 12 Post Router Timing
INFO: [Route 35-57] Estimated Timing Summary | WNS=78.524 | TNS=0.000  | WHS=0.096  | THS=0.000  |

INFO: [Route 35-327] The final timing numbers are based on the router estimated timing analysis. For a complete and accurate timing signoff, please run report_timing_summary.
Phase 12 Post Router Timing | Checksum: 1e1989605

Time (s): cpu = 00:00:20 ; elapsed = 00:00:17 . Memory (MB): peak = 2818.242 ; gain = 0.000 ; free physical = 20249 ; free virtual = 83538
Total Elapsed time in route_design: 16.5 secs

Phase 13 Post-Route Event Processing
Phase 13 Post-Route Event Processing | Checksum: 205aa194f

Time (s): cpu = 00:00:20 ; elapsed = 00:00:17 . Memory (MB): peak = 2818.242 ; gain = 0.000 ; free physical = 20249 ; free virtual = 83538
INFO: [Route 35-16] Router Completed Successfully
Ending Routing Task | Checksum: 205aa194f

Time (s): cpu = 00:00:20 ; elapsed = 00:00:17 . Memory (MB): peak = 2818.242 ; gain = 0.000 ; free physical = 20249 ; free virtual = 83538

Routing Is Done.
INFO: [Common 17-83] Releasing license: Implementation
89 Infos, 0 Warnings, 0 Critical Warnings and 0 Errors encountered.
route_design completed successfully
route_design: Time (s): cpu = 00:00:20 ; elapsed = 00:00:17 . Memory (MB): peak = 2818.242 ; gain = 0.000 ; free physical = 20249 ; free virtual = 83538
INFO: [Vivado 12-24828] Executing command : report_drc -file alchitry_top_drc_routed.rpt -pb alchitry_top_drc_routed.pb -rpx alchitry_top_drc_routed.rpx
Command: report_drc -file alchitry_top_drc_routed.rpt -pb alchitry_top_drc_routed.pb -rpx alchitry_top_drc_routed.rpx
INFO: [IP_Flow 19-1839] IP Catalog is up to date.
INFO: [DRC 23-27] Running DRC with 8 threads
INFO: [Vivado_Tcl 2-168] The results of DRC are in file /home/j31415/repos/VanishingTicTacToe/build/vivado/beta.runs/impl_1/alchitry_top_drc_routed.rpt.
report_drc completed successfully
INFO: [Vivado 12-24828] Executing command : report_methodology -file alchitry_top_methodology_drc_routed.rpt -pb alchitry_top_methodology_drc_routed.pb -rpx alchitry_top_methodology_drc_routed.rpx
Command: report_methodology -file alchitry_top_methodology_drc_routed.rpt -pb alchitry_top_methodology_drc_routed.pb -rpx alchitry_top_methodology_drc_routed.rpx
INFO: [Timing 38-35] Done setting XDC timing constraints.
INFO: [DRC 23-133] Running Methodology with 8 threads
INFO: [Vivado_Tcl 2-1520] The results of Report Methodology are in file /home/j31415/repos/VanishingTicTacToe/build/vivado/beta.runs/impl_1/alchitry_top_methodology_drc_routed.rpt.
report_methodology completed successfully
INFO: [Vivado 12-24828] Executing command : report_timing_summary -max_paths 10 -routable_nets -report_unconstrained -file alchitry_top_timing_summary_routed.rpt -pb alchitry_top_timing_summary_routed.pb -rpx alchitry_top_timing_summary_routed.rpx -warn_on_violation 
INFO: [Timing 38-35] Done setting XDC timing constraints.
INFO: [Timing 38-91] UpdateTimingParams: Speed grade: -1, Delay Type: min_max.
INFO: [Timing 38-191] Multithreading enabled for timing update using a maximum of 6 CPUs
INFO: [Vivado 12-24838] Running report commands "report_bus_skew, report_incremental_reuse, report_route_status" in parallel.
Running report generation with 3 threads.
INFO: [Vivado 12-24828] Executing command : report_incremental_reuse -file alchitry_top_incremental_reuse_routed.rpt
INFO: [Vivado_Tcl 4-1062] Incremental flow is disabled. No incremental reuse Info to report.
INFO: [Vivado 12-24828] Executing command : report_route_status -file alchitry_top_route_status.rpt -pb alchitry_top_route_status.pb
INFO: [Vivado 12-24828] Executing command : report_bus_skew -warn_on_violation -file alchitry_top_bus_skew_routed.rpt -pb alchitry_top_bus_skew_routed.pb -rpx alchitry_top_bus_skew_routed.rpx
INFO: [Timing 38-91] UpdateTimingParams: Speed grade: -1, Delay Type: min_max.
INFO: [Timing 38-191] Multithreading enabled for timing update using a maximum of 6 CPUs
INFO: [Vivado 12-24828] Executing command : report_power -file alchitry_top_power_routed.rpt -pb alchitry_top_power_summary_routed.pb -rpx alchitry_top_power_routed.rpx
Command: report_power -file alchitry_top_power_routed.rpt -pb alchitry_top_power_summary_routed.pb -rpx alchitry_top_power_routed.rpx
Running Vector-less Activity Propagation...

Finished Running Vector-less Activity Propagation
109 Infos, 0 Warnings, 0 Critical Warnings and 0 Errors encountered.
report_power completed successfully
INFO: [Vivado 12-24828] Executing command : report_clock_utilization -file alchitry_top_clock_utilization_routed.rpt
INFO: [Timing 38-480] Writing timing data to binary archive.
Wrote PlaceDB: Time (s): cpu = 00:00:00 ; elapsed = 00:00:00.01 . Memory (MB): peak = 2818.242 ; gain = 0.000 ; free physical = 20247 ; free virtual = 83540
Wrote PulsedLatchDB: Time (s): cpu = 00:00:00 ; elapsed = 00:00:00 . Memory (MB): peak = 2818.242 ; gain = 0.000 ; free physical = 20247 ; free virtual = 83540
Writing XDEF routing.
Write ShapeDB Complete: Time (s): cpu = 00:00:00.01 ; elapsed = 00:00:00.01 . Memory (MB): peak = 2818.242 ; gain = 0.000 ; free physical = 20247 ; free virtual = 83540
Writing XDEF routing logical nets.
Writing XDEF routing special nets.
Wrote RouteStorage: Time (s): cpu = 00:00:00.08 ; elapsed = 00:00:00.01 . Memory (MB): peak = 2818.242 ; gain = 0.000 ; free physical = 20247 ; free virtual = 83540
Wrote PlaceStorage: Time (s): cpu = 00:00:00.08 ; elapsed = 00:00:00.04 . Memory (MB): peak = 2818.242 ; gain = 0.000 ; free physical = 20247 ; free virtual = 83541
Wrote Netlist Cache: Time (s): cpu = 00:00:00 ; elapsed = 00:00:00 . Memory (MB): peak = 2818.242 ; gain = 0.000 ; free physical = 20247 ; free virtual = 83540
Wrote Device Cache: Time (s): cpu = 00:00:00.01 ; elapsed = 00:00:00 . Memory (MB): peak = 2818.242 ; gain = 0.000 ; free physical = 20246 ; free virtual = 83540
Write Physdb Complete: Time (s): cpu = 00:00:00.17 ; elapsed = 00:00:00.07 . Memory (MB): peak = 2818.242 ; gain = 0.000 ; free physical = 20246 ; free virtual = 83540
INFO: [Common 17-1381] The checkpoint '/home/j31415/repos/VanishingTicTacToe/build/vivado/beta.runs/impl_1/alchitry_top_routed.dcp' has been generated.
Command: write_bitstream -force alchitry_top.bit -bin_file
Attempting to get a license for feature 'Implementation' and/or device 'xc7a35t'
INFO: [Common 17-349] Got license for feature 'Implementation' and/or device 'xc7a35t'
Running DRC as a precondition to command write_bitstream
INFO: [IP_Flow 19-1839] IP Catalog is up to date.
INFO: [DRC 23-27] Running DRC with 8 threads
INFO: [Vivado 12-3199] DRC finished with 0 Errors
INFO: [Vivado 12-3200] Please refer to the DRC report (report_drc) for more information.
Integrating Hard IP ELF/MEM with the PDI.
INFO: [Designutils 20-2272] Running write_bitstream with 6 threads.
Loading data files...
Loading site data...
Loading route data...
Processing options...
Creating bitmap...
Creating bitstream...
Bitstream compression saved 13213920 bits.
Writing bitstream ./alchitry_top.bit...
Writing bitstream ./alchitry_top.bin...
INFO: [Vivado 12-1842] Bitgen Completed Successfully.
INFO: [Common 17-83] Releasing license: Implementation
120 Infos, 0 Warnings, 0 Critical Warnings and 0 Errors encountered.
write_bitstream completed successfully
write_bitstream: Time (s): cpu = 00:00:09 ; elapsed = 00:00:26 . Memory (MB): peak = 2945.723 ; gain = 127.480 ; free physical = 20017 ; free virtual = 83338
INFO: [Common 17-206] Exiting Vivado at Mon Apr 13 15:37:39 2026...
[Mon Apr 13 15:37:39 2026] impl_1 finished
wait_on_runs: Time (s): cpu = 00:01:18 ; elapsed = 00:01:12 . Memory (MB): peak = 1593.809 ; gain = 0.000 ; free physical = 21798 ; free virtual = 85120
INFO: [Common 17-206] Exiting Vivado at Mon Apr 13 15:37:39 2026...
