#-----------------------------------------------------------
# Vivado v2025.2 (64-bit)
# SW Build 6299465 on Fri Nov 14 12:34:56 MST 2025
# IP Build 6300035 on Fri Nov 14 10:48:45 MST 2025
# SharedData Build 6298862 on Thu Nov 13 04:50:51 MST 2025
# Start of session at: Mon Apr 13 15:46:59 2026
# Process ID         : 131072
# Current directory  : /home/j31415/repos/VanishingTicTacToe
# Command line       : vivado -mode batch -source /tmp/list_hw_targets.tcl
# Log file           : /home/j31415/repos/VanishingTicTacToe/vivado.log
# Journal file       : /home/j31415/repos/VanishingTicTacToe/vivado.jou
# Running On         : j31415-WS1
# Platform           : Ubuntu
# Operating System   : Ubuntu 24.04.4 LTS
# Processor Detail   : Intel(R) Core(TM) i5-9400 CPU @ 2.90GHz
# CPU Frequency      : 3899.793 MHz
# CPU Physical cores : 6
# CPU Logical cores  : 6
# Host memory        : 66804 MB
# Swap memory        : 34359 MB
# Total Virtual      : 101164 MB
# Available Virtual  : 88182 MB
#-----------------------------------------------------------
source /tmp/list_hw_targets.tcl
# open_hw_manager
# connect_hw_server -allow_non_jtag
INFO: [Labtools 27-2285] Connecting to hw_server url TCP:localhost:3121
INFO: [Labtools 27-3415] Connecting to cs_server url TCP:localhost:0
INFO: [Labtools 27-3417] Launching cs_server...
INFO: [Labtools 27-2221] Launch Output:


******** Xilinx cs_server v2025.2.0
  ****** Build date   : Nov 14 2025-07:16:52
    **** Build number : 2025.2.1763075812
      ** Copyright 2017-2022 Xilinx, Inc. All Rights Reserved.
      ** Copyright 2022-2026 Advanced Micro Devices, Inc. All Rights Reserved.



# current_hw_server [get_hw_servers localhost:3121]
# refresh_hw_server
WARNING: [Labtoolstcl 44-27] No hardware targets exist on the server [localhost:3121]
Check to make sure the cable targets connected to this machine are properly connected
and powered up, then use the refresh_hw_server command to re-register the hardware targets.
ERROR: [Labtoolstcl 44-199] No matching targets found on connected servers: localhost
Resolution: If needed connect the desired target to a server and use command refresh_hw_server. Then rerun the get_hw_targets command.
ERROR: [Common 17-39] 'get_hw_targets' failed due to earlier errors.

    while executing
"get_hw_targets *"
    invoked from within
"puts "TARGETS=[get_hw_targets *]""
    (file "/tmp/list_hw_targets.tcl" line 5)
INFO: [Common 17-206] Exiting Vivado at Mon Apr 13 15:47:05 2026...
